
> nvidia-ai-infra-simulator@1.0.0 test:run
> vitest run


[7m[1m[36m RUN [39m[22m[27m [36mv1.6.1[39m [90mC:/Users/Seanbo/Documents/Projects/Antigravity-Projects/DC-Sim-011126[39m

 [33mΓ¥»[39m src/utils/__tests__/commandParser.test.ts [2m ([22m[2m25 tests[22m [2m|[22m [31m1 failed[39m[2m)[22m[90m 12[2mms[22m[39m
[31m   [33mΓ¥»[31m src/utils/__tests__/commandParser.test.ts[2m > [22mCommandParser[2m > [22mFlag Parsing[2m > [22mshould parse combined short flags[39m
[31m     ΓåÆ expected false to be true // Object.is equality[39m
 [32mΓ£ô[39m src/simulators/__tests__/BaseSimulator.test.ts [2m ([22m[2m11 tests[22m[2m)[22m[90m 4[2mms[22m[39m
 [32mΓ£ô[39m src/simulators/__tests__/interactiveShells.test.ts [2m ([22m[2m26 tests[22m[2m)[22m[90m 9[2mms[22m[39m
 [32mΓ£ô[39m src/simulators/__tests__/nvidiaSmiSimulator.test.ts [2m ([22m[2m19 tests[22m[2m)[22m[90m 11[2mms[22m[39m
 [32mΓ£ô[39m src/simulators/__tests__/dcgmiSimulator.test.ts [2m ([22m[2m27 tests[22m[2m)[22m[90m 9[2mms[22m[39m
 [32mΓ£ô[39m src/__tests__/edgeCases.test.ts [2m ([22m[2m45 tests[22m[2m)[22m[90m 15[2mms[22m[39m
 [33mΓ¥»[39m src/tests/scenarioValidator.test.ts [2m ([22m[2m17 tests[22m [2m|[22m [31m17 failed[39m[2m)[22m[90m 114[2mms[22m[39m
[31m   [33mΓ¥»[31m src/tests/scenarioValidator.test.ts[2m > [22mScenario Logic Validation[2m > [22mCritical: XID 79 Error Handling[2m > [22mshould make GPU invisible in nvidia-smi when XID 79 occurs[39m
[31m     ΓåÆ expected 'Tue Jan 20 20:31:41 2026\n+----------ΓÇª' to contain 'WARNING'[39m
[31m   [33mΓ¥»[31m src/tests/scenarioValidator.test.ts[2m > [22mScenario Logic Validation[2m > [22mCritical: XID 79 Error Handling[2m > [22mshould fail GPU reset for XID 79[39m
[31m     ΓåÆ expected 'GPU 0 reset successfully.\nAll computΓÇª' to contain 'Unable to reset GPU'[39m
[31m   [33mΓ¥»[31m src/tests/scenarioValidator.test.ts[2m > [22mScenario Logic Validation[2m > [22mCritical: XID 79 Error Handling[2m > [22mshould fail DCGM diagnostics for GPU with XID 79[39m
[31m     ΓåÆ expected 'Running level 3 diagnostic...\n\nSuccΓÇª' to contain 'Error'[39m
[31m   [33mΓ¥»[31m src/tests/scenarioValidator.test.ts[2m > [22mScenario Logic Validation[2m > [22mCritical: XID 79 Error Handling[2m > [22mshould reject invalid GPU ID formats[39m
[31m     ΓåÆ expected '\u001b[31mnvidia-smi: unrecognized opΓÇª' to contain 'Error: Invalid GPU ID'[39m
[31m   [33mΓ¥»[31m src/tests/scenarioValidator.test.ts[2m > [22mScenario Logic Validation[2m > [22mHigh Priority: Thermal Throttling[2m > [22mshould throttle GPU clocks when temperature exceeds threshold[39m
[31m     ΓåÆ Cannot read properties of undefined (reading 'currentNode')[39m
[31m   [33mΓ¥»[31m src/tests/scenarioValidator.test.ts[2m > [22mScenario Logic Validation[2m > [22mHigh Priority: Thermal Throttling[2m > [22mshould show throttle reasons when GPU is hot[39m
[31m     ΓåÆ Cannot read properties of undefined (reading 'currentNode')[39m
[31m   [33mΓ¥»[31m src/tests/scenarioValidator.test.ts[2m > [22mScenario Logic Validation[2m > [22mHigh Priority: MIG Configuration[2m > [22mshould require GPU reset after MIG mode change[39m
[31m     ΓåÆ expected 'Enabled MIG mode for GPU 0. All GPU aΓÇª' to contain 'requires reset'[39m
[31m   [33mΓ¥»[31m src/tests/scenarioValidator.test.ts[2m > [22mScenario Logic Validation[2m > [22mMedium Priority: Command Validation[2m > [22mshould validate Lustre commands only work when Lustre is mounted[39m
[31m     ΓåÆ Cannot read properties of undefined (reading 'currentNode')[39m
[31m   [33mΓ¥»[31m src/tests/scenarioValidator.test.ts[2m > [22mScenario Logic Validation[2m > [22mMedium Priority: Command Validation[2m > [22mshould track ECC error counters correctly[39m
[31m     ΓåÆ expected 'Ecc Errors Corrected Aggregate Total,ΓÇª' to contain '10'[39m
[31m   [33mΓ¥»[31m src/tests/scenarioValidator.test.ts[2m > [22mScenario Logic Validation[2m > [22mValidation Rules[2m > [22mshould validate command output, not just execution[39m
[31m     ΓåÆ expected undefined not to be undefined[39m
[31m   [33mΓ¥»[31m src/tests/scenarioValidator.test.ts[2m > [22mScenario Logic Validation[2m > [22mFault Injection Effects[2m > [22mshould affect NVLink topology when nvlink-failure is injected[39m
[31m     ΓåÆ expected 'gpu 0: nvidia a100-sxm4-80gb\n\tlink ΓÇª' to contain 'down'[39m
[31m   [33mΓ¥»[31m src/tests/scenarioValidator.test.ts[2m > [22mScenario Logic Validation[2m > [22mFault Injection Effects[2m > [22mshould degrade PCIe speed for pcie-error fault[39m
[31m     ΓåÆ Cannot read properties of undefined (reading 'currentNode')[39m
[31m   [33mΓ¥»[31m src/tests/scenarioValidator.test.ts[2m > [22mScenario Logic Validation[2m > [22mScenario Completeness[2m > [22mshould have complete validation for domain1-server-post[39m
[31m     ΓåÆ actual value must be number or bigint, received "undefined"[39m
[31m   [33mΓ¥»[31m src/tests/scenarioValidator.test.ts[2m > [22mScenario Logic Validation[2m > [22mScenario Completeness[2m > [22mshould have complete validation for domain2-mig-setup[39m
[31m     ΓåÆ actual value must be number or bigint, received "undefined"[39m
[31m   [33mΓ¥»[31m src/tests/scenarioValidator.test.ts[2m > [22mScenario Logic Validation[2m > [22mScenario Completeness[2m > [22mshould have complete validation for domain3-slurm-config[39m
[31m     ΓåÆ actual value must be number or bigint, received "undefined"[39m
[31m   [33mΓ¥»[31m src/tests/scenarioValidator.test.ts[2m > [22mScenario Logic Validation[2m > [22mScenario Completeness[2m > [22mshould have complete validation for domain4-dcgmi-diag[39m
[31m     ΓåÆ actual value must be number or bigint, received "undefined"[39m
[31m   [33mΓ¥»[31m src/tests/scenarioValidator.test.ts[2m > [22mScenario Logic Validation[2m > [22mScenario Completeness[2m > [22mshould have complete validation for domain5-xid-errors[39m
[31m     ΓåÆ actual value must be number or bigint, received "undefined"[39m
[90mstdout[2m | src/tests/scenarioValidator.test.ts[2m > [22m[2mScenario Logic Validation[2m > [22m[2mCritical: XID 79 Error Handling[2m > [22m[2mshould make GPU invisible in nvidia-smi when XID 79 occurs[22m[39m
Created snapshot: Pre-Scenario: domain5-xid-errors (snapshot-1768959101628-j5k60zqrh)

node.exe : 
[90mstderr[2m | src/
tests/scenarioValidato
r.test.ts[2m > 
[22m[2mScenario 
Logic Validation[2m 
> [22m[2mCritical: 
XID 79 Error 
Handling[2m > 
[22m[2mshould make 
GPU invisible in 
nvidia-smi when XID 
79 occurs[22m[39m
At C:\Program Files\no
dejs\npm.ps1:29 char:3
+   & $NODE_EXE 
$NPM_CLI_JS $args
+   ~~~~~~~~~~~~~~~~~~
~~~~~~~~~~~
    + CategoryInfo    
          : NotSpeci  
  fied: ([90mstder   
 r[2m...ccurs[22    
m[39m:String) []    
, RemoteException
    + FullyQualifiedE 
   rrorId : NativeCo  
  mmandError
 
Error loading 
scenario: TypeError: 
Failed to parse URL 
from /src/data/scenari
os/domain5/xid-error-a
nalysis.json
[90m    at node:inter
nal/deps/undici/undici
:13502:13[39m
    at 
loadScenarioFromFile 
[90m(C:\Users\Seanbo\D
ocuments\Projects\Anti
gravity-Projects\DC-Si
m-011126\[39msrc\util
s\scenarioLoader.ts:33
:22[90m)[39m
    at Module.initiali
zeScenario [90m(C:\Us
ers\Seanbo\Documents\P
rojects\Antigravity-Pr
ojects\DC-Sim-011126\
[39msrc\utils\scenario
Loader.ts:175:22[90m)
[39m
    at [90mC:\Users\S
eanbo\Documents\Projec
ts\Antigravity-Project
s\DC-Sim-011126\[39ms
rc\tests\scenarioValid
ator.test.ts:34:7
    at runTest [90m(f
ile:///C:/Users/Seanbo
/Documents/Projects/An
tigravity-Projects/DC-
Sim-011126/[39mnode_m
odules/[4m@vitest[24
m/runner/dist/index.js
:781:11[90m)[39m
    at runSuite [90m(
file:///C:/Users/Seanb
o/Documents/Projects/A
ntigravity-Projects/DC
-Sim-011126/[39mnode_
modules/[4m@vitest[2
4m/runner/dist/index.j
s:909:15[90m)[39m
    at runSuite [90m(
file:///C:/Users/Seanb
o/Documents/Projects/A
ntigravity-Projects/DC
-Sim-011126/[39mnode_
modules/[4m@vitest[2
4m/runner/dist/index.j
s:909:15[90m)[39m
    at runSuite [90m(
file:///C:/Users/Seanb
o/Documents/Projects/A
ntigravity-Projects/DC
-Sim-011126/[39mnode_
modules/[4m@vitest[2
4m/runner/dist/index.j
s:909:15[90m)[39m
    at runFiles [90m(
file:///C:/Users/Seanb
o/Documents/Projects/A
ntigravity-Projects/DC
-Sim-011126/[39mnode_
modules/[4m@vitest[2
4m/runner/dist/index.j
s:958:5[90m)[39m
    at startTests [90
m(file:///C:/Users/Sea
nbo/Documents/Projects
/Antigravity-Projects/
DC-Sim-011126/[39mnod
e_modules/[4m@vitest
[24m/runner/dist/index
.js:967:3[90m)[39m {
  [cause]: TypeError: 
Invalid URL: /src/data
/scenarios/domain5/xid
-error-analysis.json
      at new URLImpl 
[90m(C:\Users\Seanbo\D
ocuments\Projects\Anti
gravity-Projects\DC-Si
m-011126\[39mnode_mod
ules\[4mwhatwg-url[2
4m\lib\URL-impl.js:20:
13[90m)[39m
      at 
Object.exports.setup 
[90m(C:\Users\Seanbo\D
ocuments\Projects\Anti
gravity-Projects\DC-Si
m-011126\[39mnode_mod
ules\[4mwhatwg-url[2
4m\lib\URL.js:54:12[9
0m)[39m
      at new URL [90m
(C:\Users\Seanbo\Docum
ents\Projects\Antigrav
ity-Projects\DC-Sim-01
1126\[39mnode_modules
\[4mwhatwg-url[24m\l
ib\URL.js:115:22[90m)
[39m
  [90m    at new 
Request (node:internal
/deps/undici/undici:95
78:25)[39m
  [90m    at fetch (n
ode:internal/deps/undi
ci/undici:10307:25)[3
9m
  [90m    at fetch (n
ode:internal/deps/undi
ci/undici:13500:10)[3
9m
  [90m    at fetch (n
ode:internal/bootstrap
/web/exposed-window-or
-worker:75:12)[39m
      at 
loadScenarioFromFile 
[90m(C:\Users\Seanbo\D
ocuments\Projects\Anti
gravity-Projects\DC-Si
m-011126\[39msrc\util
s\scenarioLoader.ts:33
:28[90m)[39m
      at Module.initia
lizeScenario [90m(C:\
Users\Seanbo\Documents
\Projects\Antigravity-
Projects\DC-Sim-011126
\[39msrc\utils\scenar
ioLoader.ts:175:28[90
m)[39m
      at [90mC:\Users
\Seanbo\Documents\Proj
ects\Antigravity-Proje
cts\DC-Sim-011126\[39
msrc\tests\scenarioVal
idator.test.ts:34:7
}

[90mstderr[2m | src/
tests/scenarioValidato
r.test.ts[2m > 
[22m[2mScenario 
Logic Validation[2m 
> [22m[2mCritical: 
XID 79 Error 
Handling[2m > 
[22m[2mshould fail 
GPU reset for XID 
79[22m[39m
Error loading 
scenario: TypeError: 
Failed to parse URL 
from /src/data/scenari
os/domain5/xid-error-a
nalysis.json
[90m    at node:inter
nal/deps/undici/undici
:13502:13[39m
    at 
loadScenarioFromFile 
[90m(C:\Users\Seanbo\D
ocuments\Projects\Anti
gravity-Projects\DC-Si
m-011126\[39msrc\util
s\scenarioLoader.ts:33
:22[90m)[39m
    at Module.initiali
zeScenario [90m(C:\Us
ers\Seanbo\Documents\P
rojects\Antigravity-Pr
ojects\DC-Sim-011126\
[39msrc\utils\scenario
Loader.ts:175:22[90m)
[39m
    at [90mC:\Users\S
eanbo\Documents\Projec
ts\Antigravity-Project
s\DC-Sim-011126\[39ms
rc\tests\scenarioValid
ator.test.ts:43:7
    at runTest [90m(f
ile:///C:/Users/Seanbo
/Documents/Projects/An
tigravity-Projects/DC-
Sim-011126/[39mnode_m
odules/[4m@vitest[24
m/runner/dist/index.js
:781:11[90m)[39m
    at runSuite [90m(
file:///C:/Users/Seanb
o/Documents/Projects/A
ntigravity-Projects/DC
-Sim-011126/[39mnode_
modules/[4m@vitest[2
4m/runner/dist/index.j
s:909:15[90m)[39m
    at runSuite [90m(
file:///C:/Users/Seanb
o/Documents/Projects/A
ntigravity-Projects/DC
-Sim-011126/[39mnode_
modules/[4m@vitest[2
4m/runner/dist/index.j
s:909:15[90m)[39m
    at runSuite [90m(
file:///C:/Users/Seanb
o/Documents/Projects/A
ntigravity-Projects/DC
-Sim-011126/[39mnode_
modules/[4m@vitest[2
4m/runner/dist/index.j
s:909:15[90m)[39m
    at runFiles [90m(
file:///C:/Users/Seanb
o/Documents/Projects/A
ntigravity-Projects/DC
-Sim-011126/[39mnode_
modules/[4m@vitest[2
4m/runner/dist/index.j
s:958:5[90m)[39m
    at startTests [90
m(file:///C:/Users/Sea
nbo/Documents/Projects
/Antigravity-Projects/
DC-Sim-011126/[39mnod
e_modules/[4m@vitest
[24m/runner/dist/index
.js:967:3[90m)[39m {
  [cause]: TypeError: 
Invalid URL: /src/data
/scenarios/domain5/xid
-error-analysis.json
      at new URLImpl 
[90m(C:\Users\Seanbo\D
ocuments\Projects\Anti
gravity-Projects\DC-Si
m-011126\[39mnode_mod
ules\[4mwhatwg-url[2
4m\lib\URL-impl.js:20:
13[90m)[39m
      at 
Object.exports.setup 
[90m(C:\Users\Seanbo\D
ocuments\Projects\Anti
gravity-Projects\DC-Si
m-011126\[39mnode_mod
ules\[4mwhatwg-url[2
4m\lib\URL.js:54:12[9
0m)[39m
      at new URL [90m
(C:\Users\Seanbo\Docum
ents\Projects\Antigrav
ity-Projects\DC-Sim-01
1126\[39mnode_modules
\[4mwhatwg-url[24m\l
ib\URL.js:115:22[90m)
[39m
  [90m    at new 
Request (node:internal
/deps/undici/undici:95
78:25)[39m
  [90m    at fetch (n
ode:internal/deps/undi
ci/undici:10307:25)[3
9m
  [90m    at fetch (n
ode:internal/deps/undi
ci/undici:13500:10)[3
9m
  [90m    at fetch (n
ode:internal/bootstrap
/web/exposed-window-or
-worker:75:12)[39m
      at 
loadScenarioFromFile 
[90m(C:\Users\Seanbo\D
ocuments\Projects\Anti
gravity-Projects\DC-Si
m-011126\[39msrc\util
s\scenarioLoader.ts:33
:28[90m)[39m
      at Module.initia
lizeScenario [90m(C:\
Users\Seanbo\Documents
\Projects\Antigravity-
Projects\DC-Sim-011126
\[39msrc\utils\scenar
ioLoader.ts:175:28[90
m)[39m
      at [90mC:\Users
\Seanbo\Documents\Proj
ects\Antigravity-Proje
cts\DC-Sim-011126\[39
msrc\tests\scenarioVal
idator.test.ts:43:7
}

[90mstderr[2m | src/
tests/scenarioValidato
r.test.ts[2m > 
[22m[2mScenario 
Logic Validation[2m 
> [22m[2mCritical: 
XID 79 Error 
Handling[2m > 
[22m[2mshould fail 
DCGM diagnostics for 
GPU with XID 
79[22m[39m
Error loading 
scenario: TypeError: 
Failed to parse URL 
from /src/data/scenari
os/domain5/xid-error-a
nalysis.json
[90m    at node:inter
nal/deps/undici/undici
:13502:13[39m
    at 
loadScenarioFromFile 
[90m(C:\Users\Seanbo\D
ocuments\Projects\Anti
gravity-Projects\DC-Si
m-011126\[39msrc\util
s\scenarioLoader.ts:33
:22[90m)[39m
    at Module.initiali
zeScenario [90m(C:\Us
ers\Seanbo\Documents\P
rojects\Antigravity-Pr
ojects\DC-Sim-011126\
[39msrc\utils\scenario
Loader.ts:175:22[90m)
[39m
    at [90mC:\Users\S
eanbo\Documents\Projec
ts\Antigravity-Project
s\DC-Sim-011126\[39ms
rc\tests\scenarioValid
ator.test.ts:52:7
    at runTest [90m(f
ile:///C:/Users/Seanbo
/Documents/Projects/An
tigravity-Projects/DC-
Sim-011126/[39mnode_m
odules/[4m@vitest[24
m/runner/dist/index.js
:781:11[90m)[39m
    at runSuite [90m(
file:///C:/Users/Seanb
o/Documents/Projects/A
ntigravity-Projects/DC
-Sim-011126/[39mnode_
modules/[4m@vitest[2
4m/runner/dist/index.j
s:909:15[90m)[39m
    at runSuite [90m(
file:///C:/Users/Seanb
o/Documents/Projects/A
ntigravity-Projects/DC
-Sim-011126/[39mnode_
modules/[4m@vitest[2
4m/runner/dist/index.j
s:909:15[90m)[39m
    at runSuite [90m(
file:///C:/Users/Seanb
o/Documents/Projects/A
ntigravity-Projects/DC
-Sim-011126/[39mnode_
modules/[4m@vitest[2
4m/runner/dist/index.j
s:909:15[90m)[39m
    at runFiles [90m(
file:///C:/Users/Seanb
o/Documents/Projects/A
ntigravity-Projects/DC
-Sim-011126/[39mnode_
modules/[4m@vitest[2
4m/runner/dist/index.j
s:958:5[90m)[39m
    at startTests [90
m(file:///C:/Users/Sea
nbo/Documents/Projects
/Antigravity-Projects/
DC-Sim-011126/[39mnod
e_modules/[4m@vitest
[24m/runner/dist/index
.js:967:3[90m)[39m {
  [cause]: TypeError: 
Invalid URL: /src/data
/scenarios/domain5/xid
-error-analysis.json
      at new URLImpl 
[90m(C:\Users\Seanbo\D
ocuments\Projects\Anti
gravity-Projects\DC-Si
m-011126\[39mnode_mod
ules\[4mwhatwg-url[2
4m\lib\URL-impl.js:20:
13[90m)[39m
      at 
Object.exports.setup 
[90m(C:\Users\Seanbo\D
ocuments\Projects\Anti
gravity-Projects\DC-Si
m-011126\[39mnode_mod
ules\[4mwhatwg-url[2
4m\lib\URL.js:54:12[9
0m)[39m
      at new URL [90m
(C:\Users\Seanbo\Docum
ents\Projects\Antigrav
ity-Projects\DC-Sim-01
1126\[39mnode_modules
\[4mwhatwg-url[24m\l
ib\URL.js:115:22[90m)
[39m
  [90m    at new 
Request (node:internal
/deps/undici/undici:95
78:25)[39m
  [90m    at fetch (n
ode:internal/deps/undi
ci/undici:10307:25)[3
9m
  [90m    at fetch (n
ode:internal/deps/undi
ci/undici:13500:10)[3
9m
  [90m    at fetch (n
ode:internal/bootstrap
/web/exposed-window-or
-worker:75:12)[39m
      at 
loadScenarioFromFile 
[90m(C:\Users\Seanbo\D
ocuments\Projects\Anti
gravity-Projects\DC-Si
m-011126\[39msrc\util
s\scenarioLoader.ts:33
:28[90m)[39m
      at Module.initia
lizeScenario [90m(C:\
Users\Seanbo\Documents
\Projects\Antigravity-
Projects\DC-Sim-011126
\[39msrc\utils\scenar
ioLoader.ts:175:28[90
m)[39m
      at [90mC:\Users
\Seanbo\Documents\Proj
ects\Antigravity-Proje
cts\DC-Sim-011126\[39
msrc\tests\scenarioVal
idator.test.ts:52:7
}

[90mstderr[2m | src/
tests/scenarioValidato
r.test.ts[2m > 
[22m[2mScenario 
Logic Validation[2m 
> [22m[2mHigh 
Priority: Thermal 
Throttling[2m > 
[22m[2mshould 
throttle GPU clocks 
when temperature 
exceeds 
threshold[22m[39m
Error loading 
scenario: TypeError: 
Failed to parse URL 
from /src/data/scenari
os/domain5/thermal-tro
ubleshooting.json
[90m    at node:inter
nal/deps/undici/undici
:13502:13[39m
    at 
loadScenarioFromFile 
[90m(C:\Users\Seanbo\D
ocuments\Projects\Anti
gravity-Projects\DC-Si
m-011126\[39msrc\util
s\scenarioLoader.ts:33
:22[90m)[39m
    at Module.initiali
zeScenario [90m(C:\Us
ers\Seanbo\Documents\P
rojects\Antigravity-Pr
ojects\DC-Sim-011126\
[39msrc\utils\scenario
Loader.ts:175:22[90m)
[39m
    at [90mC:\Users\S
eanbo\Documents\Projec
ts\Antigravity-Project
s\DC-Sim-011126\[39ms
rc\tests\scenarioValid
ator.test.ts:69:7
    at runTest [90m(f
ile:///C:/Users/Seanbo
/Documents/Projects/An
tigravity-Projects/DC-
Sim-011126/[39mnode_m
odules/[4m@vitest[24
m/runner/dist/index.js
:781:11[90m)[39m
    at runSuite [90m(
file:///C:/Users/Seanb
o/Documents/Projects/A
ntigravity-Projects/DC
-Sim-011126/[39mnode_
modules/[4m@vitest[2
4m/runner/dist/index.j
s:909:15[90m)[39m
    at runSuite [90m(
file:///C:/Users/Seanb
o/Documents/Projects/A
ntigravity-Projects/DC
-Sim-011126/[39mnode_
modules/[4m@vitest[2
4m/runner/dist/index.j
s:909:15[90m)[39m
    at runSuite [90m(
file:///C:/Users/Seanb
o/Documents/Projects/A
ntigravity-Projects/DC
-Sim-011126/[39mnode_
modules/[4m@vitest[2
4m/runner/dist/index.j
s:909:15[90m)[39m
    at runFiles [90m(
file:///C:/Users/Seanb
o/Documents/Projects/A
ntigravity-Projects/DC
-Sim-011126/[39mnode_
modules/[4m@vitest[2
4m/runner/dist/index.j
s:958:5[90m)[39m
    at startTests [90
m(file:///C:/Users/Sea
nbo/Documents/Projects
/Antigravity-Projects/
DC-Sim-011126/[39mnod
e_modules/[4m@vitest
[24m/runner/dist/index
.js:967:3[90m)[39m {
  [cause]: TypeError: 
Invalid URL: /src/data
/scenarios/domain5/the
rmal-troubleshooting.j
son
      at new URLImpl 
[90m(C:\Users\Seanbo\D
ocuments\Projects\Anti
gravity-Projects\DC-Si
m-011126\[39mnode_mod
ules\[4mwhatwg-url[2
4m\lib\URL-impl.js:20:
13[90m)[39m
      at 
Object.exports.setup 
[90m(C:\Users\Seanbo\D
ocuments\Projects\Anti
gravity-Projects\DC-Si
m-011126\[39mnode_mod
ules\[4mwhatwg-url[2
4m\lib\URL.js:54:12[9
0m)[39m
      at new URL [90m
(C:\Users\Seanbo\Docum
ents\Projects\Antigrav
ity-Projects\DC-Sim-01
1126\[39mnode_modules
\[4mwhatwg-url[24m\l
ib\URL.js:115:22[90m)
[39m
  [90m    at new 
Request (node:internal
/deps/undici/undici:95
78:25)[39m
  [90m    at fetch (n
ode:internal/deps/undi
ci/undici:10307:25)[3
9m
  [90m    at fetch (n
ode:internal/deps/undi
ci/undici:13500:10)[3
9m
  [90m    at fetch (n
ode:internal/bootstrap
/web/exposed-window-or
-worker:75:12)[39m
      at 
loadScenarioFromFile 
[90m(C:\Users\Seanbo\D
ocuments\Projects\Anti
gravity-Projects\DC-Si
m-011126\[39msrc\util
s\scenarioLoader.ts:33
:28[90m)[39m
      at Module.initia
lizeScenario [90m(C:\
Users\Seanbo\Documents
\Projects\Antigravity-
Projects\DC-Sim-011126
\[39msrc\utils\scenar
ioLoader.ts:175:28[90
m)[39m
      at [90mC:\Users
\Seanbo\Documents\Proj
ects\Antigravity-Proje
cts\DC-Sim-011126\[39
msrc\tests\scenarioVal
idator.test.ts:69:7
}

[90mstderr[2m | src/
tests/scenarioValidato
r.test.ts[2m > 
[22m[2mScenario 
Logic Validation[2m 
> [22m[2mHigh 
Priority: Thermal 
Throttling[2m > 
[22m[2mshould show 
throttle reasons when 
GPU is hot[22m[39m
Error loading 
scenario: TypeError: 
Failed to parse URL 
from /src/data/scenari
os/domain5/thermal-tro
ubleshooting.json
[90m    at node:inter
nal/deps/undici/undici
:13502:13[39m
    at 
loadScenarioFromFile 
[90m(C:\Users\Seanbo\D
ocuments\Projects\Anti
gravity-Projects\DC-Si
m-011126\[39msrc\util
s\scenarioLoader.ts:33
:22[90m)[39m
    at Module.initiali
zeScenario [90m(C:\Us
ers\Seanbo\Documents\P
rojects\Antigravity-Pr
ojects\DC-Sim-011126\
[39msrc\utils\scenario
Loader.ts:175:22[90m)
[39m
    at [90mC:\Users\S
eanbo\Documents\Projec
ts\Antigravity-Project
s\DC-Sim-011126\[39ms
rc\tests\scenarioValid
ator.test.ts:87:7
    at runTest [90m(f
ile:///C:/Users/Seanbo
/Documents/Projects/An
tigravity-Projects/DC-
Sim-011126/[39mnode_m
odules/[4m@vitest[24
m/runner/dist/index.js
:781:11[90m)[39m
    at runSuite [90m(
file:///C:/Users/Seanb
o/Documents/Projects/A
ntigravity-Projects/DC
-Sim-011126/[39mnode_
modules/[4m@vitest[2
4m/runner/dist/index.j
s:909:15[90m)[39m
    at runSuite [90m(
file:///C:/Users/Seanb
o/Documents/Projects/A
ntigravity-Projects/DC
-Sim-011126/[39mnode_
modules/[4m@vitest[2
4m/runner/dist/index.j
s:909:15[90m)[39m
    at runSuite [90m(
file:///C:/Users/Seanb
o/Documents/Projects/A
ntigravity-Projects/DC
-Sim-011126/[39mnode_
modules/[4m@vitest[2
4m/runner/dist/index.j
s:909:15[90m)[39m
    at runFiles [90m(
file:///C:/Users/Seanb
o/Documents/Projects/A
ntigravity-Projects/DC
-Sim-011126/[39mnode_
modules/[4m@vitest[2
4m/runner/dist/index.j
s:958:5[90m)[39m
    at startTests [90
m(file:///C:/Users/Sea
nbo/Documents/Projects
/Antigravity-Projects/
DC-Sim-011126/[39mnod
e_modules/[4m@vitest
[24m/runner/dist/index
.js:967:3[90m)[39m {
  [cause]: TypeError: 
Invalid URL: /src/data
/scenarios/domain5/the
rmal-troubleshooting.j
son
      at new URLImpl 
[90m(C:\Users\Seanbo\D
ocuments\Projects\Anti
gravity-Projects\DC-Si
m-011126\[39mnode_mod
ules\[4mwhatwg-url[2
4m\lib\URL-impl.js:20:
13[90m)[39m
      at 
Object.exports.setup 
[90m(C:\Users\Seanbo\D
ocuments\Projects\Anti
gravity-Projects\DC-Si
m-011126\[39mnode_mod
ules\[4mwhatwg-url[2
4m\lib\URL.js:54:12[9
0m)[39m
      at new URL [90m
(C:\Users\Seanbo\Docum
ents\Projects\Antigrav
ity-Projects\DC-Sim-01
1126\[39mnode_modules
\[4mwhatwg-url[24m\l
ib\URL.js:115:22[90m)
[39m
  [90m    at new 
Request (node:internal
/deps/undici/undici:95
78:25)[39m
  [90m    at fetch (n
ode:internal/deps/undi
ci/undici:10307:25)[3
9m
  [90m    at fetch (n
ode:internal/deps/undi
ci/undici:13500:10)[3
9m
  [90m    at fetch (n
ode:internal/bootstrap
/web/exposed-window-or
-worker:75:12)[39m
      at 
loadScenarioFromFile 
[90m(C:\Users\Seanbo\D
ocuments\Projects\Anti
gravity-Projects\DC-Si
m-011126\[39msrc\util
s\scenarioLoader.ts:33
:28[90m)[39m
      at Module.initia
lizeScenario [90m(C:\
Users\Seanbo\Documents
\Projects\Antigravity-
Projects\DC-Sim-011126
\[39msrc\utils\scenar
ioLoader.ts:175:28[90
m)[39m
      at [90mC:\Users
\Seanbo\Documents\Proj
ects\Antigravity-Proje
cts\DC-Sim-011126\[39
msrc\tests\scenarioVal
idator.test.ts:87:7
}

[90mstderr[2m | src/
tests/scenarioValidato
r.test.ts[2m > 
[22m[2mScenario 
Logic Validation[2m 
> [22m[2mHigh 
Priority: MIG 
Configuration[2m > 
[22m[2mshould 
require GPU reset 
after MIG mode 
change[22m[39m
Error loading 
scenario: TypeError: 
Failed to parse URL 
from /src/data/scenari
os/domain2/mig-configu
ration.json
[90m    at node:inter
nal/deps/undici/undici
:13502:13[39m
    at 
loadScenarioFromFile 
[90m(C:\Users\Seanbo\D
ocuments\Projects\Anti
gravity-Projects\DC-Si
m-011126\[39msrc\util
s\scenarioLoader.ts:33
:22[90m)[39m
    at Module.initiali
zeScenario [90m(C:\Us
ers\Seanbo\Documents\P
rojects\Antigravity-Pr
ojects\DC-Sim-011126\
[39msrc\utils\scenario
Loader.ts:175:22[90m)
[39m
[90mstdout[2m | src/tests/scenarioValidator.test.ts[2m > [22m[2mScenario Logic Validation[2m > [22m[2mCritical: XID 79 Error Handling[2m > [22m[2mshould fail GPU reset for XID 79[22m[39m
Created snapshot: Pre-Scenario: domain5-xid-errors (snapshot-1768959101646-9kcg5lzok)

[90mstdout[2m | src/tests/scenarioValidator.test.ts[2m > [22m[2mScenario Logic Validation[2m > [22m[2mCritical: XID 79 Error Handling[2m > [22m[2mshould fail DCGM diagnostics for GPU with XID 79[22m[39m
Created snapshot: Pre-Scenario: domain5-xid-errors (snapshot-1768959101652-wtiooiyrz)

[90mstdout[2m | src/tests/scenarioValidator.test.ts[2m > [22m[2mScenario Logic Validation[2m > [22m[2mHigh Priority: Thermal Throttling[2m > [22m[2mshould throttle GPU clocks when temperature exceeds threshold[22m[39m
Created snapshot: Pre-Scenario: domain5-thermal (snapshot-1768959101658-jg85fw7yd)

[90mstdout[2m | src/tests/scenarioValidator.test.ts[2m > [22m[2mScenario Logic Validation[2m > [22m[2mHigh Priority: Thermal Throttling[2m > [22m[2mshould show throttle reasons when GPU is hot[22m[39m
Created snapshot: Pre-Scenario: domain5-thermal (snapshot-1768959101664-55h5fl9xv)

[90mstdout[2m | src/tests/scenarioValidator.test.ts[2m > [22m[2mScenario Logic Validation[2m > [22m[2mHigh Priority: MIG Configuration[2m > [22m[2mshould require GPU reset after MIG mode change[22m[39m
Created snapshot: Pre-Scenario: domain2-mig-setup (snapshot-1768959101669-vldrzl3pj)

[90mstdout[2m | src/tests/scenarioValidator.test.ts[2m > [22m[2mScenario Logic Validation[2m > [22m[2mValidation Rules[2m > [22m[2mshould validate command output, not just execution[22m[39m
Created snapshot: Pre-Scenario: domain1-server-post (snapshot-1768959101678-o5513ay0d)

    at [90mC:\Users\S
eanbo\Documents\Projec
ts\Antigravity-Project
s\DC-Sim-011126\[39ms
rc\tests\scenarioValid
ator.test.ts:98:7
    at runTest [90m(f
ile:///C:/Users/Seanbo
/Documents/Projects/An
tigravity-Projects/DC-
Sim-011126/[39mnode_m
odules/[4m@vitest[24
m/runner/dist/index.js
:781:11[90m)[39m
    at runSuite [90m(
file:///C:/Users/Seanb
o/Documents/Projects/A
ntigravity-Projects/DC
-Sim-011126/[39mnode_
modules/[4m@vitest[2
4m/runner/dist/index.j
s:909:15[90m)[39m
    at runSuite [90m(
file:///C:/Users/Seanb
o/Documents/Projects/A
ntigravity-Projects/DC
-Sim-011126/[39mnode_
modules/[4m@vitest[2
4m/runner/dist/index.j
s:909:15[90m)[39m
    at runSuite [90m(
file:///C:/Users/Seanb
o/Documents/Projects/A
ntigravity-Projects/DC
-Sim-011126/[39mnode_
modules/[4m@vitest[2
4m/runner/dist/index.j
s:909:15[90m)[39m
    at runFiles [90m(
file:///C:/Users/Seanb
o/Documents/Projects/A
ntigravity-Projects/DC
-Sim-011126/[39mnode_
modules/[4m@vitest[2
4m/runner/dist/index.j
s:958:5[90m)[39m
    at startTests [90
m(file:///C:/Users/Sea
nbo/Documents/Projects
/Antigravity-Projects/
DC-Sim-011126/[39mnod
e_modules/[4m@vitest
[24m/runner/dist/index
.js:967:3[90m)[39m {
  [cause]: TypeError: 
Invalid URL: /src/data
/scenarios/domain2/mig
-configuration.json
      at new URLImpl 
[90m(C:\Users\Seanbo\D
ocuments\Projects\Anti
gravity-Projects\DC-Si
m-011126\[39mnode_mod
ules\[4mwhatwg-url[2
4m\lib\URL-impl.js:20:
13[90m)[39m
      at 
Object.exports.setup 
[90m(C:\Users\Seanbo\D
ocuments\Projects\Anti
gravity-Projects\DC-Si
m-011126\[39mnode_mod
ules\[4mwhatwg-url[2
4m\lib\URL.js:54:12[9
0m)[39m
      at new URL [90m
(C:\Users\Seanbo\Docum
ents\Projects\Antigrav
ity-Projects\DC-Sim-01
1126\[39mnode_modules
\[4mwhatwg-url[24m\l
ib\URL.js:115:22[90m)
[39m
  [90m    at new 
Request (node:internal
/deps/undici/undici:95
78:25)[39m
  [90m    at fetch (n
ode:internal/deps/undi
ci/undici:10307:25)[3
9m
  [90m    at fetch (n
ode:internal/deps/undi
ci/undici:13500:10)[3
9m
  [90m    at fetch (n
ode:internal/bootstrap
/web/exposed-window-or
-worker:75:12)[39m
      at 
loadScenarioFromFile 
[90m(C:\Users\Seanbo\D
ocuments\Projects\Anti
gravity-Projects\DC-Si
m-011126\[39msrc\util
s\scenarioLoader.ts:33
:28[90m)[39m
      at Module.initia
lizeScenario [90m(C:\
Users\Seanbo\Documents
\Projects\Antigravity-
Projects\DC-Sim-011126
\[39msrc\utils\scenar
ioLoader.ts:175:28[90
m)[39m
      at [90mC:\Users
\Seanbo\Documents\Proj
ects\Antigravity-Proje
cts\DC-Sim-011126\[39
msrc\tests\scenarioVal
idator.test.ts:98:7
}

[90mstderr[2m | src/
tests/scenarioValidato
r.test.ts[2m > 
[22m[2mScenario 
Logic Validation[2m 
> [22m[2mValidation 
Rules[2m > 
[22m[2mshould 
validate command 
output, not just 
execution[22m[39m
Error loading 
scenario: TypeError: 
Failed to parse URL 
from /src/data/scenari
os/domain1/server-post
-verification.json
[90m    at node:inter
nal/deps/undici/undici
:13502:13[39m
    at 
loadScenarioFromFile 
[90m(C:\Users\Seanbo\D
ocuments\Projects\Anti
gravity-Projects\DC-Si
m-011126\[39msrc\util
s\scenarioLoader.ts:33
:22[90m)[39m
    at Module.initiali
zeScenario [90m(C:\Us
ers\Seanbo\Documents\P
rojects\Antigravity-Pr
ojects\DC-Sim-011126\
[39msrc\utils\scenario
Loader.ts:175:22[90m)
[39m
    at [90mC:\Users\S
eanbo\Documents\Projec
ts\Antigravity-Project
s\DC-Sim-011126\[39ms
rc\tests\scenarioValid
ator.test.ts:146:7
    at runTest [90m(f
ile:///C:/Users/Seanbo
/Documents/Projects/An
tigravity-Projects/DC-
Sim-011126/[39mnode_m
odules/[4m@vitest[24
m/runner/dist/index.js
:781:11[90m)[39m
    at runSuite [90m(
file:///C:/Users/Seanb
o/Documents/Projects/A
ntigravity-Projects/DC
-Sim-011126/[39mnode_
modules/[4m@vitest[2
4m/runner/dist/index.j
s:909:15[90m)[39m
    at runSuite [90m(
file:///C:/Users/Seanb
o/Documents/Projects/A
ntigravity-Projects/DC
-Sim-011126/[39mnode_
modules/[4m@vitest[2
4m/runner/dist/index.j
s:909:15[90m)[39m
    at runSuite [90m(
file:///C:/Users/Seanb
o/Documents/Projects/A
ntigravity-Projects/DC
-Sim-011126/[39mnode_
modules/[4m@vitest[2
4m/runner/dist/index.j
s:909:15[90m)[39m
    at runFiles [90m(
file:///C:/Users/Seanb
o/Documents/Projects/A
ntigravity-Projects/DC
-Sim-011126/[39mnode_
modules/[4m@vitest[2
4m/runner/dist/index.j
s:958:5[90m)[39m
    at startTests [90
m(file:///C:/Users/Sea
nbo/Documents/Projects
/Antigravity-Projects/
DC-Sim-011126/[39mnod
e_modules/[4m@vitest
[24m/runner/dist/index
.js:967:3[90m)[39m {
  [cause]: TypeError: 
Invalid URL: /src/data
/scenarios/domain1/ser
ver-post-verification.
json
      at new URLImpl 
[90m(C:\Users\Seanbo\D
ocuments\Projects\Anti
gravity-Projects\DC-Si
m-011126\[39mnode_mod
ules\[4mwhatwg-url[2
4m\lib\URL-impl.js:20:
13[90m)[39m
      at 
Object.exports.setup 
[90m(C:\Users\Seanbo\D
ocuments\Projects\Anti
gravity-Projects\DC-Si
m-011126\[39mnode_mod
ules\[4mwhatwg-url[2
4m\lib\URL.js:54:12[9
0m)[39m
      at new URL [90m
(C:\Users\Seanbo\Docum
ents\Projects\Antigrav
ity-Projects\DC-Sim-01
1126\[39mnode_modules
\[4mwhatwg-url[24m\l
ib\URL.js:115:22[90m)
[39m
  [90m    at new 
Request (node:internal
/deps/undici/undici:95
78:25)[39m
  [90m    at fetch (n
ode:internal/deps/undi
ci/undici:10307:25)[3
9m
  [90m    at fetch (n
ode:internal/deps/undi
ci/undici:13500:10)[3
9m
  [90m    at fetch (n
ode:internal/bootstrap
/web/exposed-window-or
-worker:75:12)[39m
      at 
loadScenarioFromFile 
[90m(C:\Users\Seanbo\D
ocuments\Projects\Anti
gravity-Projects\DC-Si
m-011126\[39msrc\util
s\scenarioLoader.ts:33
:28[90m)[39m
      at Module.initia
lizeScenario [90m(C:\
Users\Seanbo\Documents
\Projects\Antigravity-
Projects\DC-Sim-011126
\[39msrc\utils\scenar
ioLoader.ts:175:28[90
m)[39m
      at [90mC:\Users
\Seanbo\Documents\Proj
ects\Antigravity-Proje
cts\DC-Sim-011126\[39
msrc\tests\scenarioVal
idator.test.ts:146:7
}

[90mstderr[2m | src/
tests/scenarioValidato
r.test.ts[2m > 
[22m[2mScenario 
Logic Validation[2m 
> [22m[2mScenario 
Completeness[2m > 
[22m[2mshould have 
complete validation 
for domain1-server-pos
t[22m[39m
Error loading 
scenario: TypeError: 
Failed to parse URL 
from /src/data/scenari
os/domain1/server-post
-verification.json
[90m    at node:inter
nal/deps/undici/undici
:13502:13[39m
    at 
loadScenarioFromFile 
[90m(C:\Users\Seanbo\D
ocuments\Projects\Anti
gravity-Projects\DC-Si
m-011126\[39msrc\util
s\scenarioLoader.ts:33
:22[90m)[39m
    at Module.initiali
zeScenario [90m(C:\Us
ers\Seanbo\Documents\P
rojects\Antigravity-Pr
ojects\DC-Sim-011126\
[39msrc\utils\scenario
Loader.ts:175:22[90m)
[39m
    at [90mC:\Users\S
eanbo\Documents\Projec
ts\Antigravity-Project
s\DC-Sim-011126\[39ms
rc\tests\scenarioValid
ator.test.ts:193:9
    at runTest [90m(f
ile:///C:/Users/Seanbo
/Documents/Projects/An
tigravity-Projects/DC-
Sim-011126/[39mnode_m
odules/[4m@vitest[24
m/runner/dist/index.js
:781:11[90m)[39m
    at runSuite [90m(
file:///C:/Users/Seanb
o/Documents/Projects/A
ntigravity-Projects/DC
-Sim-011126/[39mnode_
modules/[4m@vitest[2
4m/runner/dist/index.j
s:909:15[90m)[39m
    at runSuite [90m(
file:///C:/Users/Seanb
o/Documents/Projects/A
ntigravity-Projects/DC
-Sim-011126/[39mnode_
modules/[4m@vitest[2
4m/runner/dist/index.j
s:909:15[90m)[39m
    at runSuite [90m(
file:///C:/Users/Seanb
o/Documents/Projects/A
ntigravity-Projects/DC
-Sim-011126/[39mnode_
modules/[4m@vitest[2
4m/runner/dist/index.j
s:909:15[90m)[39m
    at runFiles [90m(
file:///C:/Users/Seanb
o/Documents/Projects/A
ntigravity-Projects/DC
-Sim-011126/[39mnode_
modules/[4m@vitest[2
4m/runner/dist/index.j
s:958:5[90m)[39m
    at startTests [90
m(file:///C:/Users/Sea
nbo/Documents/Projects
/Antigravity-Projects/
DC-Sim-011126/[39mnod
e_modules/[4m@vitest
[24m/runner/dist/index
.js:967:3[90m)[39m {
  [cause]: TypeError: 
Invalid URL: /src/data
/scenarios/domain1/ser
ver-post-verification.
json
      at new URLImpl 
[90m(C:\Users\Seanbo\D
ocuments\Projects\Anti
gravity-Projects\DC-Si
m-011126\[39mnode_mod
ules\[4mwhatwg-url[2
4m\lib\URL-impl.js:20:
13[90m)[39m
      at 
Object.exports.setup 
[90m(C:\Users\Seanbo\D
ocuments\Projects\Anti
gravity-Projects\DC-Si
m-011126\[39mnode_mod
ules\[4mwhatwg-url[2
4m\lib\URL.js:54:12[9
0m)[39m
      at new URL [90m
(C:\Users\Seanbo\Docum
ents\Projects\Antigrav
ity-Projects\DC-Sim-01
1126\[39mnode_modules
\[4mwhatwg-url[24m\l
ib\URL.js:115:22[90m)
[39m
  [90m    at new 
Request (node:internal
/deps/undici/undici:95
78:25)[39m
  [90m    at fetch (n
ode:internal/deps/undi
ci/undici:10307:25)[3
9m
  [90m    at fetch (n
ode:internal/deps/undi
ci/undici:13500:10)[3
9m
  [90m    at fetch (n
ode:internal/bootstrap
/web/exposed-window-or
-worker:75:12)[39m
      at 
loadScenarioFromFile 
[90m(C:\Users\Seanbo\D
ocuments\Projects\Anti
gravity-Projects\DC-Si
m-011126\[39msrc\util
s\scenarioLoader.ts:33
:28[90m)[39m
      at Module.initia
lizeScenario [90m(C:\
Users\Seanbo\Documents
\Projects\Antigravity-
Projects\DC-Sim-011126
\[39msrc\utils\scenar
ioLoader.ts:175:28[90
m)[39m
      at [90mC:\Users
\Seanbo\Documents\Proj
ects\Antigravity-Proje
cts\DC-Sim-011126\[39
msrc\tests\scenarioVal
idator.test.ts:193:9
}

[90mstderr[2m | src/
tests/scenarioValidato
r.test.ts[2m > 
[22m[2mScenario 
Logic Validation[2m 
> [22m[2mScenario 
Completeness[2m > 
[22m[2mshould have 
complete validation 
for domain2-mig-setup
[22m[39m
Error loading 
scenario: TypeError: 
Failed to parse URL 
from /src/data/scenari
os/domain2/mig-configu
ration.json
[90m    at node:inter
nal/deps/undici/undici
:13502:13[39m
    at 
loadScenarioFromFile 
[90m(C:\Users\Seanbo\D
ocuments\Projects\Anti
gravity-Projects\DC-Si
m-011126\[39msrc\util
s\scenarioLoader.ts:33
:22[90m)[39m
    at Module.initiali
zeScenario [90m(C:\Us
ers\Seanbo\Documents\P
rojects\Antigravity-Pr
ojects\DC-Sim-011126\
[39msrc\utils\scenario
Loader.ts:175:22[90m)
[39m
    at [90mC:\Users\S
eanbo\Documents\Projec
ts\Antigravity-Project
s\DC-Sim-011126\[39ms
rc\tests\scenarioValid
ator.test.ts:193:9
    at runTest [90m(f
ile:///C:/Users/Seanbo
/Documents/Projects/An
tigravity-Projects/DC-
Sim-011126/[39mnode_m
odules/[4m@vitest[24
m/runner/dist/index.js
:781:11[90m)[39m
    at runSuite [90m(
file:///C:/Users/Seanb
o/Documents/Projects/A
ntigravity-Projects/DC
-Sim-011126/[39mnode_
modules/[4m@vitest[2
4m/runner/dist/index.j
s:909:15[90m)[39m
    at runSuite [90m(
file:///C:/Users/Seanb
o/Documents/Projects/A
ntigravity-Projects/DC
-Sim-011126/[39mnode_
modules/[4m@vitest[2
4m/runner/dist/index.j
s:909:15[90m)[39m
    at runSuite [90m(
file:///C:/Users/Seanb
o/Documents/Projects/A
ntigravity-Projects/DC
-Sim-011126/[39mnode_
modules/[4m@vitest[2
4m/runner/dist/index.j
s:909:15[90m)[39m
    at runFiles [90m(
file:///C:/Users/Seanb
o/Documents/Projects/A
ntigravity-Projects/DC
-Sim-011126/[39mnode_
modules/[4m@vitest[2
4m/runner/dist/index.j
s:958:5[90m)[39m
    at startTests [90
m(file:///C:/Users/Sea
nbo/Documents/Projects
/Antigravity-Projects/
DC-Sim-011126/[39mnod
e_modules/[4m@vitest
[24m/runner/dist/index
.js:967:3[90m)[39m {
  [cause]: TypeError: 
Invalid URL: /src/data
/scenarios/domain2/mig
-configuration.json
      at new URLImpl 
[90m(C:\Users\Seanbo\D
ocuments\Projects\Anti
gravity-Projects\DC-Si
m-011126\[39mnode_mod
ules\[4mwhatwg-url[2
4m\lib\URL-impl.js:20:
13[90m)[39m
      at 
Object.exports.setup 
[90m(C:\Users\Seanbo\D
ocuments\Projects\Anti
gravity-Projects\DC-Si
m-011126\[39mnode_mod
ules\[4mwhatwg-url[2
4m\lib\URL.js:54:12[9
0m)[39m
      at new URL [90m
(C:\Users\Seanbo\Docum
ents\Projects\Antigrav
ity-Projects\DC-Sim-01
1126\[39mnode_modules
\[4mwhatwg-url[24m\l
ib\URL.js:115:22[90m)
[39m
  [90m    at new 
Request (node:internal
/deps/undici/undici:95
78:25)[39m
  [90m    at fetch (n
ode:internal/deps/undi
ci/undici:10307:25)[3
9m
  [90m    at fetch (n
ode:internal/deps/undi
ci/undici:13500:10)[3
9m
  [90m    at fetch (n
ode:internal/bootstrap
/web/exposed-window-or
-worker:75:12)[39m
      at 
loadScenarioFromFile 
[90m(C:\Users\Seanbo\D
ocuments\Projects\Anti
gravity-Projects\DC-Si
m-011126\[39msrc\util
s\scenarioLoader.ts:33
:28[90m)[39m
      at Module.initia
lizeScenario [90m(C:\
Users\Seanbo\Documents
\Projects\Antigravity-
Projects\DC-Sim-011126
\[39msrc\utils\scenar
ioLoader.ts:175:28[90
m)[39m
      at [90mC:\Users
\Seanbo\Documents\Proj
ects\Antigravity-Proje
cts\DC-Sim-011126\[39
msrc\tests\scenarioVal
idator.test.ts:193:9
}

[90mstderr[2m | src/
tests/scenarioValidato
r.test.ts[2m > 
[22m[2mScenario 
Logic Validation[2m 
> [22m[2mScenario 
Completeness[2m > 
[22m[2mshould have 
complete validation 
for domain3-slurm-conf
ig[22m[39m
Error loading 
scenario: TypeError: 
Failed to parse URL 
from /src/data/scenari
os/domain3/slurm-confi
guration.json
[90m    at node:inter
nal/deps/undici/undici
:13502:13[39m
    at 
loadScenarioFromFile 
[90m(C:\Users\Seanbo\D
ocuments\Projects\Anti
gravity-Projects\DC-Si
m-011126\[39msrc\util
s\scenarioLoader.ts:33
:22[90m)[39m
    at Module.initiali
zeScenario [90m(C:\Us
ers\Seanbo\Documents\P
rojects\Antigravity-Pr
ojects\DC-Sim-011126\
[39msrc\utils\scenario
Loader.ts:175:22[90m)
[39m
    at [90mC:\Users\S
eanbo\Documents\Projec
ts\Antigravity-Project
s\DC-Sim-011126\[39ms
rc\tests\scenarioValid
ator.test.ts:193:9
    at runTest [90m(f
ile:///C:/Users/Seanbo
/Documents/Projects/An
tigravity-Projects/DC-
Sim-011126/[39mnode_m
odules/[4m@vitest[24
m/runner/dist/index.js
:781:11[90m)[39m
    at runSuite [90m(
file:///C:/Users/Seanb
o/Documents/Projects/A
ntigravity-Projects/DC
-Sim-011126/[39mnode_
modules/[4m@vitest[2
4m/runner/dist/index.j
s:909:15[90m)[39m
    at runSuite [90m(
file:///C:/Users/Seanb
o/Documents/Projects/A
ntigravity-Projects/DC
-Sim-011126/[39mnode_
modules/[4m@vitest[2
4m/runner/dist/index.j
s:909:15[90m)[39m
    at runSuite [90m(
file:///C:/Users/Seanb
o/Documents/Projects/A
ntigravity-Projects/DC
-Sim-011126/[39mnode_
modules/[4m@vitest[2
4m/runner/dist/index.j
s:909:15[90m)[39m
    at runFiles [90m(
file:///C:/Users/Seanb
o/Documents/Projects/A
ntigravity-Projects/DC
-Sim-011126/[39mnode_
modules/[4m@vitest[2
4m/runner/dist/index.j
s:958:5[90m)[39m
    at startTests [90
m(file:///C:/Users/Sea
nbo/Documents/Projects
/Antigravity-Projects/
DC-Sim-011126/[39mnod
e_modules/[4m@vitest
[24m/runner/dist/index
.js:967:3[90m)[39m {
  [cause]: TypeError: 
Invalid URL: /src/data
/scenarios/domain3/slu
rm-configuration.json
      at new URLImpl 
[90m(C:\Users\Seanbo\D
ocuments\Projects\Anti
gravity-Projects\DC-Si
m-011126\[39mnode_mod
ules\[4mwhatwg-url[2
4m\lib\URL-impl.js:20:
13[90m)[39m
      at 
Object.exports.setup 
[90m(C:\Users\Seanbo\D
ocuments\Projects\Anti
gravity-Projects\DC-Si
m-011126\[39mnode_mod
ules\[4mwhatwg-url[2
4m\lib\URL.js:54:12[9
0m)[39m
      at new URL [90m
(C:\Users\Seanbo\Docum
ents\Projects\Antigrav
ity-Projects\DC-Sim-01
1126\[39mnode_modules
\[4mwhatwg-url[24m\l
ib\URL.js:115:22[90m)
[39m
  [90m    at new 
Request (node:internal
/deps/undici/undici:95
78:25)[39m
  [90m    at fetch (n
ode:internal/deps/undi
ci/undici:10307:25)[3
9m
  [90m    at fetch (n
ode:internal/deps/undi
ci/undici:13500:10)[3
9m
  [90m    at fetch (n
ode:internal/bootstrap
/web/exposed-window-or
-worker:75:12)[39m
      at 
loadScenarioFromFile 
[90m(C:\Users\Seanbo\D
ocuments\Projects\Anti
gravity-Projects\DC-Si
m-011126\[39msrc\util
s\scenarioLoader.ts:33
:28[90m)[39m
      at Module.initia
lizeScenario [90m(C:\
Users\Seanbo\Documents
\Projects\Antigravity-
Projects\DC-Sim-011126
\[39msrc\utils\scenar
ioLoader.ts:175:28[90
m)[39m
      at [90mC:\Users
\Seanbo\Documents\Proj
ects\Antigravity-Proje
cts\DC-Sim-011126\[39
msrc\tests\scenarioVal
idator.test.ts:193:9
}

[90mstderr[2m | src/
tests/scenarioValidato
r.test.ts[2m > 
[22m[2mScenario 
Logic Validation[2m 
> [22m[2mScenario 
Completeness[2m > 
[22m[2mshould have 
complete validation 
for domain4-dcgmi-diag
[22m[39m
Error loading 
scenario: TypeError: 
Failed to parse URL 
from /src/data/scenari
os/domain4/dcgmi-diagn
ostics.json
[90m    at node:inter
nal/deps/undici/undici
:13502:13[39m
    at 
loadScenarioFromFile 
[90m(C:\Users\Seanbo\D
ocuments\Projects\Anti
gravity-Projects\DC-Si
m-011126\[39msrc\util
s\scenarioLoader.ts:33
:22[90m)[39m
    at Module.initiali
zeScenario [90m(C:\Us
ers\Seanbo\Documents\P
rojects\Antigravity-Pr
ojects\DC-Sim-011126\
[39msrc\utils\scenario
Loader.ts:175:22[90m)
[39m
    at [90mC:\Users\S
eanbo\Documents\Projec
ts\Antigravity-Project
s\DC-Sim-011126\[39ms
rc\tests\scenarioValid
ator.test.ts:193:9
    at runTest [90m(f
ile:///C:/Users/Seanbo
/Documents/Projects/An
tigravity-Projects/DC-
Sim-011126/[39mnode_m
odules/[4m@vitest[24
m/runner/dist/index.js
:781:11[90m)[39m
    at runSuite [90m(
file:///C:/Users/Seanb
o/Documents/Projects/A
ntigravity-Projects/DC
-Sim-011126/[39mnode_
modules/[4m@vitest[2
4m/runner/dist/index.j
s:909:15[90m)[39m
    at runSuite [90m(
file:///C:/Users/Seanb
o/Documents/Projects/A
ntigravity-Projects/DC
-Sim-011126/[39mnode_
modules/[4m@vitest[2
4m/runner/dist/index.j
s:909:15[90m)[39m
    at runSuite [90m(
file:///C:/Users/Seanb
o/Documents/Projects/A
ntigravity-Projects/DC
-Sim-011126/[39mnode_
modules/[4m@vitest[2
4m/runner/dist/index.j
s:909:15[90m)[39m
    at runFiles [90m(
file:///C:/Users/Seanb
o/Documents/Projects/A
ntigravity-Projects/DC
-Sim-011126/[39mnode_
modules/[4m@vitest[2
4m/runner/dist/index.j
s:958:5[90m)[39m
    at startTests [90
m(file:///C:/Users/Sea
nbo/Documents/Projects
/Antigravity-Projects/
DC-Sim-011126/[39mnod
e_modules/[4m@vitest
[24m/runner/dist/index
.js:967:3[90m)[39m {
  [cause]: TypeError: 
Invalid URL: /src/data
/scenarios/domain4/dcg
mi-diagnostics.json
      at new URLImpl 
[90m(C:\Users\Seanbo\D
ocuments\Projects\Anti
gravity-Projects\DC-Si
m-011126\[39mnode_mod
ules\[4mwhatwg-url[2
4m\lib\URL-impl.js:20:
13[90m)[39m
      at 
Object.exports.setup 
[90m(C:\Users\Seanbo\D
ocuments\Projects\Anti
gravity-Projects\DC-Si
m-011126\[39mnode_mod
ules\[4mwhatwg-url[2
4m\lib\URL.js:54:12[9
0m)[39m
      at new URL [90m
(C:\Users\Seanbo\Docum
ents\Projects\Antigrav
ity-Projects\DC-Sim-01
1126\[39mnode_modules
\[4mwhatwg-url[24m\l
ib\URL.js:115:22[90m)
[39m
  [90m    at new 
Request (node:internal
/deps/undici/undici:95
78:25)[39m
  [90m    at fetch (n
ode:internal/deps/undi
ci/undici:10307:25)[3
9m
[90mstdout[2m | src/tests/scenarioValidator.test.ts[2m > [22m[2mScenario Logic Validation[2m > [22m[2mScenario Completeness[2m > [22m[2mshould have complete validation for domain1-server-post[22m[39m
Created snapshot: Pre-Scenario: domain1-server-post (snapshot-1768959101690-8kmg50oad)

[90mstdout[2m | src/tests/scenarioValidator.test.ts[2m > [22m[2mScenario Logic Validation[2m > [22m[2mScenario Completeness[2m > [22m[2mshould have complete validation for domain2-mig-setup[22m[39m
Created snapshot: Pre-Scenario: domain2-mig-setup (snapshot-1768959101697-5lszzp8uj)

[90mstdout[2m | src/tests/scenarioValidator.test.ts[2m > [22m[2mScenario Logic Validation[2m > [22m[2mScenario Completeness[2m > [22m[2mshould have complete validation for domain3-slurm-config[22m[39m
Created snapshot: Pre-Scenario: domain3-slurm-config (snapshot-1768959101704-d59weo9id)

[90mstdout[2m | src/tests/scenarioValidator.test.ts[2m > [22m[2mScenario Logic Validation[2m > [22m[2mScenario Completeness[2m > [22m[2mshould have complete validation for domain4-dcgmi-diag[22m[39m
Created snapshot: Pre-Scenario: domain4-dcgmi-diag (snapshot-1768959101718-up9drzut8)

[90mstdout[2m | src/tests/scenarioValidator.test.ts[2m > [22m[2mScenario Logic Validation[2m > [22m[2mScenario Completeness[2m > [22m[2mshould have complete validation for domain5-xid-errors[22m[39m
Created snapshot: Pre-Scenario: domain5-xid-errors (snapshot-1768959101725-3cfu8ktry)

  [90m    at fetch (n
ode:internal/deps/undi
ci/undici:13500:10)[3
9m
  [90m    at fetch (n
ode:internal/bootstrap
/web/exposed-window-or
-worker:75:12)[39m
      at 
loadScenarioFromFile 
[90m(C:\Users\Seanbo\D
ocuments\Projects\Anti
gravity-Projects\DC-Si
m-011126\[39msrc\util
s\scenarioLoader.ts:33
:28[90m)[39m
      at Module.initia
lizeScenario [90m(C:\
Users\Seanbo\Documents
\Projects\Antigravity-
Projects\DC-Sim-011126
\[39msrc\utils\scenar
ioLoader.ts:175:28[90
m)[39m
      at [90mC:\Users
\Seanbo\Documents\Proj
ects\Antigravity-Proje
cts\DC-Sim-011126\[39
msrc\tests\scenarioVal
idator.test.ts:193:9
}

[90mstderr[2m | src/
tests/scenarioValidato
r.test.ts[2m > 
[22m[2mScenario 
Logic Validation[2m 
> [22m[2mScenario 
Completeness[2m > 
[22m[2mshould have 
complete validation 
for domain5-xid-errors
[22m[39m
Error loading 
scenario: TypeError: 
Failed to parse URL 
from /src/data/scenari
os/domain5/xid-error-a
nalysis.json
[90m    at node:inter
nal/deps/undici/undici
:13502:13[39m
    at 
loadScenarioFromFile 
[90m(C:\Users\Seanbo\D
ocuments\Projects\Anti
gravity-Projects\DC-Si
m-011126\[39msrc\util
s\scenarioLoader.ts:33
:22[90m)[39m
    at Module.initiali
zeScenario [90m(C:\Us
ers\Seanbo\Documents\P
rojects\Antigravity-Pr
ojects\DC-Sim-011126\
[39msrc\utils\scenario
Loader.ts:175:22[90m)
[39m
    at [90mC:\Users\S
eanbo\Documents\Projec
ts\Antigravity-Project
s\DC-Sim-011126\[39ms
rc\tests\scenarioValid
ator.test.ts:193:9
    at runTest [90m(f
ile:///C:/Users/Seanbo
/Documents/Projects/An
tigravity-Projects/DC-
Sim-011126/[39mnode_m
odules/[4m@vitest[24
m/runner/dist/index.js
:781:11[90m)[39m
    at runSuite [90m(
file:///C:/Users/Seanb
o/Documents/Projects/A
ntigravity-Projects/DC
-Sim-011126/[39mnode_
modules/[4m@vitest[2
4m/runner/dist/index.j
s:909:15[90m)[39m
    at runSuite [90m(
file:///C:/Users/Seanb
o/Documents/Projects/A
ntigravity-Projects/DC
-Sim-011126/[39mnode_
modules/[4m@vitest[2
4m/runner/dist/index.j
s:909:15[90m)[39m
    at runSuite [90m(
file:///C:/Users/Seanb
o/Documents/Projects/A
ntigravity-Projects/DC
-Sim-011126/[39mnode_
modules/[4m@vitest[2
4m/runner/dist/index.j
s:909:15[90m)[39m
    at runFiles [90m(
file:///C:/Users/Seanb
o/Documents/Projects/A
ntigravity-Projects/DC
-Sim-011126/[39mnode_
modules/[4m@vitest[2
4m/runner/dist/index.j
s:958:5[90m)[39m
    at startTests [90
m(file:///C:/Users/Sea
nbo/Documents/Projects
/Antigravity-Projects/
DC-Sim-011126/[39mnod
e_modules/[4m@vitest
[24m/runner/dist/index
.js:967:3[90m)[39m {
  [cause]: TypeError: 
Invalid URL: /src/data
/scenarios/domain5/xid
-error-analysis.json
      at new URLImpl 
[90m(C:\Users\Seanbo\D
ocuments\Projects\Anti
gravity-Projects\DC-Si
m-011126\[39mnode_mod
ules\[4mwhatwg-url[2
4m\lib\URL-impl.js:20:
13[90m)[39m
      at 
Object.exports.setup 
[90m(C:\Users\Seanbo\D
ocuments\Projects\Anti
gravity-Projects\DC-Si
m-011126\[39mnode_mod
ules\[4mwhatwg-url[2
4m\lib\URL.js:54:12[9
0m)[39m
      at new URL [90m
(C:\Users\Seanbo\Docum
ents\Projects\Antigrav
ity-Projects\DC-Sim-01
1126\[39mnode_modules
\[4mwhatwg-url[24m\l
ib\URL.js:115:22[90m)
[39m
  [90m    at new 
Request (node:internal
/deps/undici/undici:95
78:25)[39m
  [90m    at fetch (n
ode:internal/deps/undi
ci/undici:10307:25)[3
9m
  [90m    at fetch (n
ode:internal/deps/undi
ci/undici:13500:10)[3
9m
  [90m    at fetch (n
ode:internal/bootstrap
/web/exposed-window-or
-worker:75:12)[39m
      at 
loadScenarioFromFile 
[90m(C:\Users\Seanbo\D
ocuments\Projects\Anti
gravity-Projects\DC-Si
m-011126\[39msrc\util
s\scenarioLoader.ts:33
:28[90m)[39m
      at Module.initia
lizeScenario [90m(C:\
Users\Seanbo\Documents
\Projects\Antigravity-
Projects\DC-Sim-011126
\[39msrc\utils\scenar
ioLoader.ts:175:28[90
m)[39m
      at [90mC:\Users
\Seanbo\Documents\Proj
ects\Antigravity-Proje
cts\DC-Sim-011126\[39
msrc\tests\scenarioVal
idator.test.ts:193:9
}

[31mΓÄ»ΓÄ»ΓÄ»ΓÄ»ΓÄ»ΓÄ
»[1m[7m Failed 
Tests 18 [27m[22mΓÄ»
ΓÄ»ΓÄ»ΓÄ»ΓÄ»ΓÄ»ΓÄ»[39
m

[31m[1m[7m FAIL 
[27m[22m[39m src/te
sts/scenarioValidator.
test.ts[2m > 
[22mScenario Logic 
Validation[2m > 
[22mCritical: XID 79 
Error Handling[2m > 
[22mshould make GPU 
invisible in 
nvidia-smi when XID 
79 occurs
[31m[1mAssertionErro
r[22m: expected 'Tue 
Jan 20 20:31:41 
2026\n+----------ΓÇª' 
to contain 
'WARNING'[39m

[32m- Expected[39m
[31m+ Received[39m

[32m- WARNING[39m
[31m+ Tue Jan 20 
20:31:41 2026[39m
[31m+ +--------------
----------------------
----------------------
-------------------+[
39m
[31m+ | NVIDIA-SMI 
535.129.03   Driver 
Version: 535.129.03   
CUDA Version: 12.2    
 |[39m
[31m+ |--------------
-----------------+----
------------------+---
-------------------|[
39m
[31m+ | GPU  Name    
    Persistence-M| 
Bus-Id        Disp.A 
| Volatile Uncorr. 
ECC |[39m
[31m+ | Fan  Temp  
Perf  Pwr:Usage/Cap|  
       Memory-Usage | 
GPU-Util  Compute M. 
|[39m
[31m+ |              
                 |    
                  |   
            MIG M. 
|[39m
[31m+ |==============
=================+====
==================+===
===================|[
39m
[31m+ |   0  NVIDIA 
A100-SXM4 On      | 
00000000:10:00.0 Off 
|                  
N/A |[39m
[31m+ | N/A    31C   
 P0    290W / 400|    
   0MiB /    80MiB|   
    0%      
Default|[39m
[31m+ |              
                 |    
                  |   
               N/A 
|[39m
[31m+ +--------------
-----------------+----
------------------+---
-------------------+[
39m
[31m+ |   1  NVIDIA 
A100-SXM4 On      | 
00000000:11:00.0 Off 
|                  
N/A |[39m
[31m+ | N/A    39C   
 P0    322W / 400|    
   0MiB /    80MiB|   
    0%      
Default|[39m
[31m+ |              
                 |    
                  |   
               N/A 
|[39m
[31m+ +--------------
-----------------+----
------------------+---
-------------------+[
39m
[31m+ |   2  NVIDIA 
A100-SXM4 On      | 
00000000:12:00.0 Off 
|                  
N/A |[39m
[31m+ | N/A    34C   
 P0    308W / 400|    
   0MiB /    80MiB|   
    0%      
Default|[39m
[31m+ |              
                 |    
                  |   
               N/A 
|[39m
[31m+ +--------------
-----------------+----
------------------+---
-------------------+[
39m
[31m+ |   3  NVIDIA 
A100-SXM4 On      | 
00000000:13:00.0 Off 
|                  
N/A |[39m
[31m+ | N/A    32C   
 P0    252W / 400|    
   0MiB /    80MiB|   
    0%      
Default|[39m
[31m+ |              
                 |    
                  |   
               N/A 
|[39m
[31m+ +--------------
-----------------+----
------------------+---
-------------------+[
39m
[31m+ |   4  NVIDIA 
A100-SXM4 On      | 
00000000:14:00.0 Off 
|                  
N/A |[39m
[31m+ | N/A    39C   
 P0    312W / 400|    
   0MiB /    80MiB|   
    0%      
Default|[39m
[31m+ |              
                 |    
                  |   
               N/A 
|[39m
[31m+ +--------------
-----------------+----
------------------+---
-------------------+[
39m
[31m+ |   5  NVIDIA 
A100-SXM4 On      | 
00000000:15:00.0 Off 
|                  
N/A |[39m
[31m+ | N/A    40C   
 P0    276W / 400|    
   0MiB /    80MiB|   
    0%      
Default|[39m
[31m+ |              
                 |    
                  |   
               N/A 
|[39m
[31m+ +--------------
-----------------+----
------------------+---
-------------------+[
39m
[31m+ |   6  NVIDIA 
A100-SXM4 On      | 
00000000:16:00.0 Off 
|                  
N/A |[39m
[31m+ | N/A    37C   
 P0    327W / 400|    
   0MiB /    80MiB|   
    0%      
Default|[39m
[31m+ |              
                 |    
                  |   
               N/A 
|[39m
[31m+ +--------------
-----------------+----
------------------+---
-------------------+[
39m
[31m+ |   7  NVIDIA 
A100-SXM4 On      | 
00000000:17:00.0 Off 
|                  
N/A |[39m
[31m+ | N/A    34C   
 P0    264W / 400|    
   0MiB /    80MiB|   
    0%      
Default|[39m
[31m+ |              
                 |    
                  |   
               N/A 
|[39m
[31m+ +--------------
-----------------+----
------------------+---
-------------------+[
39m
[31m+[39m
[31m+ +--------------
----------------------
----------------------
-------------------+[
39m
[31m+ | Processes:   
                      
                      
                   
|[39m
[31m+ |  GPU   GI   
CI        PID   Type  
 Process name         
         GPU Memory 
|[39m
[31m+ |        ID   
ID                    
                      
         Usage      
|[39m
[31m+ |==============
======================
======================
===================|[
39m
[31m+ |  No running 
processes found       
                      
                    
|[39m
[31m+ +--------------
----------------------
----------------------
-------------------+[
39m
[31m+[39m

[36m [2mΓ¥»[22m src
/tests/scenarioValidat
or.test.ts:[2m37:29[
22m[39m

    [90m 35| [39m
    [90m 36| [39m   
   [35mconst[39m 
result [33m=[39m nvi
diaSmi[33m.[39m[34m
execute[39m([34mpars
e[39m([32m'nvidia-sm
i'[39m)[33m,[39m 
context)[33m;[39m
    [90m 37| [39m   
   [34mexpect[39m(re
sult[33m.[39moutput)
[33m.[39m[34mtoCont
ain[39m([32m'WARNING
'[39m)[33m;[39m
    [90m   | [39m   
                      
   [31m^[39m
    [90m 38| [39m   
   [34mexpect[39m(re
sult[33m.[39moutput)
[33m.[39m[34mtoCont
ain[39m([32m'GPU(s) 
not shown due to 
critica[39mΓÇª
    [90m 39| [39m   
   [34mexpect[39m(re
sult[33m.[39moutput)
[33m.[39m[34mtoCont
ain[39m([32m'XID 
79'[39m)[33m;[39m

[31m[2mΓÄ»ΓÄ»ΓÄ»ΓÄ»Γ
Ä»ΓÄ»ΓÄ»ΓÄ»ΓÄ»ΓÄ»ΓÄ»ΓÄ
»ΓÄ»ΓÄ»ΓÄ»ΓÄ»ΓÄ»ΓÄ»ΓÄ»
ΓÄ»ΓÄ»ΓÄ»ΓÄ»[1/18]ΓÄ»
[22m[39m

[31m[1m[7m FAIL 
[27m[22m[39m src/te
sts/scenarioValidator.
test.ts[2m > 
[22mScenario Logic 
Validation[2m > 
[22mCritical: XID 79 
Error Handling[2m > 
[22mshould fail GPU 
reset for XID 79
[31m[1mAssertionErro
r[22m: expected 'GPU 
0 reset 
successfully.\nAll 
computΓÇª' to contain 
'Unable to reset 
GPU'[39m

[32m- Expected[39m
[31m+ Received[39m

[32m- Unable to 
reset GPU[39m
[31m+ GPU 0 reset 
successfully.[39m
[31m+ All compute 
applications using 
GPU 0 have been 
terminated.[39m

[36m [2mΓ¥»[22m src
/tests/scenarioValidat
or.test.ts:[2m46:29[
22m[39m
    [90m 44| [39m
    [90m 45| [39m   
   [35mconst[39m 
result [33m=[39m nvi
diaSmi[33m.[39m[34m
execute[39m([34mpars
e[39m([32m'nvidia-sm
i --gpu-reset 
-[39mΓÇª
    [90m 46| [39m   
   [34mexpect[39m(re
sult[33m.[39moutput)
[33m.[39m[34mtoCont
ain[39m([32m'Unable 
to reset 
GPU'[39m)[33m;[39m
    [90m   | [39m   
                      
   [31m^[39m
    [90m 47| [39m   
   [34mexpect[39m(re
sult[33m.[39moutput)
[33m.[39m[34mtoCont
ain[39m([32m'fallen 
off the 
bus'[39m)[33m;[39m
    [90m 48| [39m   
   [34mexpect[39m(re
sult[33m.[39moutput)
[33m.[39mnot[33m.[
39m[34mtoContain[39m
([32m'Successfully re
set'[39m)[33m;[39m

[31m[2mΓÄ»ΓÄ»ΓÄ»ΓÄ»Γ
Ä»ΓÄ»ΓÄ»ΓÄ»ΓÄ»ΓÄ»ΓÄ»ΓÄ
»ΓÄ»ΓÄ»ΓÄ»ΓÄ»ΓÄ»ΓÄ»ΓÄ»
ΓÄ»ΓÄ»ΓÄ»ΓÄ»[2/18]ΓÄ»
[22m[39m

[31m[1m[7m FAIL 
[27m[22m[39m src/te
sts/scenarioValidator.
test.ts[2m > 
[22mScenario Logic 
Validation[2m > 
[22mCritical: XID 79 
Error Handling[2m > 
[22mshould fail DCGM 
diagnostics for GPU 
with XID 79
[31m[1mAssertionErro
r[22m: expected 
'Running level 3 diagn
ostic...\n\nSuccΓÇª' 
to contain 
'Error'[39m

[32m- Expected[39m
[31m+ Received[39m

[32m- Error[39m
[31m+ Running level 
3 diagnostic...[39m
[31m+[39m
[31m+ Successfully 
ran diagnostic for 
group.[39m
[31m+ +--------------
-------------+--------
----------------------
------------------+[3
9m
[31m+ | Diagnostic   
             | Result 
                      
                  
|[39m
[31m+ +==============
=============+========
======================
==================+[3
9m
[31m+ | Deployment   
             | 
Blacklist 
[32mPass[0m         
                      
  |[39m
[31m+ | Deployment   
             | NVML 
Library [32mPass[0m 
                      
       |[39m
[31m+ | Deployment   
             | CUDA 
Main Library 
[32mPass[0m         
                |[39m
[31m+ | Deployment   
             | 
Permissions and OS 
Blocks [32mPass[0m  
               |[39m
[31m+ | Deployment   
             | 
Persistence Mode 
[32mPass[0m         
                 
|[39m
[31m+ | Deployment   
             | 
Environment Variables 
[32mPass[0m         
            |[39m
[31m+ | Deployment   
             | Page 
Retirement/Row Remap 
[32mPass[0m         
        |[39m
[31m+ | Deployment   
             | 
Graphics Processes 
[32mPass[0m         
               |[39m
[31m+ | Hardware     
             | GPU 
Memory [32mPass[0m  
                      
        |[39m
[31m+ | Hardware     
             | Pulse 
Test [32mPass[0m    
                      
      |[39m
[31m+ | Integration  
             | PCIe 
[32mPass[0m         
                      
       |[39m
[31m+ | Performance  
             | SM 
Stress [32mPass[0m  
                      
         |[39m
[31m+ | Performance  
             | 
Targeted Stress 
[32mPass[0m         
                  
|[39m
[31m+ | Performance  
             | Memory 
Bandwidth 
[32mPass[0m         
                 
|[39m
[31m+ | Performance  
             | 
Diagnostic 
[32mPass[0m         
                      
 |[39m
[31m+ | Hardware     
             | ECC 
Check [32mPass[0m   
                      
        |[39m
[31m+ +--------------
-------------+--------
----------------------
------------------+[3
9m
[31m+[39m
[31m+ [32mAll tests 
passed 
successfully.[0m[39m
[31m+[39m

[36m [2mΓ¥»[22m src
/tests/scenarioValidat
or.test.ts:[2m55:29[
22m[39m
    [90m 53| [39m
    [90m 54| [39m   
   [35mconst[39m 
result [33m=[39m dcg
mi[33m.[39m[34mexec
ute[39m([34mparse[3
9m([32m'dcgmi diag 
-r 3 -i 
0'[39m)[33m,[39m 
contΓÇª
    [90m 55| [39m   
   [34mexpect[39m(re
sult[33m.[39moutput)
[33m.[39m[34mtoCont
ain[39m([32m'Error'
[39m)[33m;[39m
    [90m   | [39m   
                      
   [31m^[39m
    [90m 56| [39m   
   [34mexpect[39m(re
sult[33m.[39moutput)
[33m.[39m[34mtoCont
ain[39m([32m'GPU 0 
is not accessible'[39
m)[33m;[39m
    [90m 57| [39m   
   [34mexpect[39m(re
sult[33m.[39moutput)
[33m.[39mnot[33m.[
39m[34mtoContain[39m
([32m'All tests passe
d'[39m)[33m;[39m

[31m[2mΓÄ»ΓÄ»ΓÄ»ΓÄ»Γ
Ä»ΓÄ»ΓÄ»ΓÄ»ΓÄ»ΓÄ»ΓÄ»ΓÄ
»ΓÄ»ΓÄ»ΓÄ»ΓÄ»ΓÄ»ΓÄ»ΓÄ»
ΓÄ»ΓÄ»ΓÄ»ΓÄ»[3/18]ΓÄ»
[22m[39m

[31m[1m[7m FAIL 
[27m[22m[39m src/te
sts/scenarioValidator.
test.ts[2m > 
[22mScenario Logic 
Validation[2m > 
[22mCritical: XID 79 
Error Handling[2m > 
[22mshould reject 
invalid GPU ID formats
[31m[1mAssertionErro
r[22m: expected '\u00
1b[31mnvidia-smi: 
unrecognized opΓÇª' 
to contain 'Error: 
Invalid GPU ID'[39m

[32m- Expected[39m
[31m+ Received[39m

[32m- Error: Invalid 
GPU ID[39m
[31m+ 
[31mnvidia-smi: 
unrecognized option 
'--0'[0m[39m
[31m+ Did you mean 
one of: '--h', '--v', 
'--L'?[39m
[31m+ Try 
'nvidia-smi --help' 
for more 
information.[39m

[36m [2mΓ¥»[22m src
/tests/scenarioValidat
or.test.ts:[2m62:29[
22m[39m
    [90m 60| [39m   
 [34mit[39m([32m'sh
ould reject invalid 
GPU ID formats'[39m[
33m,[39m () 
[33m=>[39m {
    [90m 61| [39m   
   [35mconst[39m 
result [33m=[39m nvi
diaSmi[33m.[39m[34m
execute[39m([34mpars
e[39m([32m'nvidia-sm
i --gpu-reset 
-[39mΓÇª
    [90m 62| [39m   
   [34mexpect[39m(re
sult[33m.[39moutput)
[33m.[39m[34mtoCont
ain[39m([32m'Error: 
Invalid GPU 
ID'[39m)[33m;[39m
    [90m   | [39m   
                      
   [31m^[39m
    [90m 63| [39m   
   [34mexpect[39m(re
sult[33m.[39moutput)
[33m.[39mnot[33m.[
39m[34mtoContain[39m
([32m'Unable to 
reset 
GPU'[39m)[33m;[39m
    [90m 64| [39m   
 })[33m;[39m

[31m[2mΓÄ»ΓÄ»ΓÄ»ΓÄ»Γ
Ä»ΓÄ»ΓÄ»ΓÄ»ΓÄ»ΓÄ»ΓÄ»ΓÄ
»ΓÄ»ΓÄ»ΓÄ»ΓÄ»ΓÄ»ΓÄ»ΓÄ»
ΓÄ»ΓÄ»ΓÄ»ΓÄ»[4/18]ΓÄ»
[22m[39m

[31m[1m[7m FAIL 
[27m[22m[39m src/te
sts/scenarioValidator.
test.ts[2m > 
[22mScenario Logic 
Validation[2m > 
[22mHigh Priority: 
Thermal 
Throttling[2m > 
[22mshould throttle 
GPU clocks when 
temperature exceeds 
threshold
[31m[1mTypeError[22
m: Cannot read 
properties of 
undefined (reading 
'currentNode')[39m
[36m [2mΓ¥»[22m src
/simulators/nvidiaSmiS
imulator.ts:[2m320:59
[22m[39m
    [90m318| [39m  
[35mprivate[39m [34
mgetNode[39m(context
[33m:[39m [33mComman
dContext[39m) {
    [90m319| [39m   
 [35mconst[39m 
state [33m=[39m useS
imulationStore[33m.[
39m[34mgetState[39m(
)[33m;[39m
    [90m320| [39m   
 [35mreturn[39m stat
e[33m.[39mcluster[3
3m.[39mnodes[33m.[3
9m[34mfind[39m(n 
[33m=>[39m 
n[33m.[39mid 
[33m===[39m context
[33m.[39mcurrentNode)
ΓÇª
    [90m   | [39m   
                      
                      
           [31m^[39m
    [90m321| [39m  }
    [90m322| [39m
[90m [2mΓ¥»[22m Nvi
diaSmiSimulator.getNod
e src/simulators/nvidi
aSmiSimulator.ts:[2m3
20:32[22m[39m
[90m [2mΓ¥»[22m Nvi
diaSmiSimulator.execut
e src/simulators/nvidi
aSmiSimulator.ts:[2m2
46:23[22m[39m
[90m [2mΓ¥»[22m src
/tests/scenarioValidat
or.test.ts:[2m71:32[
22m[39m

[31m[2mΓÄ»ΓÄ»ΓÄ»ΓÄ»Γ
Ä»ΓÄ»ΓÄ»ΓÄ»ΓÄ»ΓÄ»ΓÄ»ΓÄ
»ΓÄ»ΓÄ»ΓÄ»ΓÄ»ΓÄ»ΓÄ»ΓÄ»
ΓÄ»ΓÄ»ΓÄ»ΓÄ»[5/18]ΓÄ»
[22m[39m

[31m[1m[7m FAIL 
[27m[22m[39m src/te
sts/scenarioValidator.
test.ts[2m > 
[22mScenario Logic 
Validation[2m > 
[22mHigh Priority: 
Thermal 
Throttling[2m > 
[22mshould show 
throttle reasons when 
GPU is hot
[31m[1mTypeError[22
m: Cannot read 
properties of 
undefined (reading 
'currentNode')[39m
[36m [2mΓ¥»[22m src
/simulators/nvidiaSmiS
imulator.ts:[2m320:59
[22m[39m
    [90m318| [39m  
[35mprivate[39m [34
mgetNode[39m(context
[33m:[39m [33mComman
dContext[39m) {
    [90m319| [39m   
 [35mconst[39m 
state [33m=[39m useS
imulationStore[33m.[
39m[34mgetState[39m(
)[33m;[39m
    [90m320| [39m   
 [35mreturn[39m stat
e[33m.[39mcluster[3
3m.[39mnodes[33m.[3
9m[34mfind[39m(n 
[33m=>[39m 
n[33m.[39mid 
[33m===[39m context
[33m.[39mcurrentNode)
ΓÇª
    [90m   | [39m   
                      
                      
           [31m^[39m
    [90m321| [39m  }
    [90m322| [39m
[90m [2mΓ¥»[22m Nvi
diaSmiSimulator.getNod
e src/simulators/nvidi
aSmiSimulator.ts:[2m3
20:32[22m[39m
[90m [2mΓ¥»[22m Nvi
diaSmiSimulator.execut
e src/simulators/nvidi
aSmiSimulator.ts:[2m2
46:23[22m[39m
[90m [2mΓ¥»[22m src
/tests/scenarioValidat
or.test.ts:[2m89:32[
22m[39m

[31m[2mΓÄ»ΓÄ»ΓÄ»ΓÄ»Γ
Ä»ΓÄ»ΓÄ»ΓÄ»ΓÄ»ΓÄ»ΓÄ»ΓÄ
»ΓÄ»ΓÄ»ΓÄ»ΓÄ»ΓÄ»ΓÄ»ΓÄ»
ΓÄ»ΓÄ»ΓÄ»ΓÄ»[6/18]ΓÄ»
[22m[39m

[31m[1m[7m FAIL 
[27m[22m[39m src/te
sts/scenarioValidator.
test.ts[2m > 
[22mScenario Logic 
Validation[2m > 
[22mHigh Priority: 
MIG Configuration[2m 
> [22mshould require 
GPU reset after MIG 
mode change
[31m[1mAssertionErro
r[22m: expected 
'Enabled MIG mode for 
GPU 0. All GPU aΓÇª' 
to contain 'requires 
reset'[39m

[32m- Expected[39m
[31m+ Received[39m

[32m- requires 
reset[39m
[31m+ Enabled MIG 
mode for GPU 0. All 
GPU applications 
running on the device 
will be 
terminated.[39m
[31m+ GPU 0: Reboot 
required.[39m
[31m+ Note: On 
Ampere or later GPUs, 
the GPU must be reset 
for MIG mode to take 
effect.[39m

[36m [2mΓ¥»[22m src
/tests/scenarioValidat
or.test.ts:[2m102:29
[22m[39m
    [90m100| [39m   
   [90m// Enable MIG 
mode[39m
    [90m101| [39m   
   [35mlet[39m 
result [33m=[39m nvi
diaSmi[33m.[39m[34m
execute[39m([34mpars
e[39m([32m'nvidia-sm
i -mig 1 -i 
0'[39m)[33m,[39m 
ΓÇª
    [90m102| [39m   
   [34mexpect[39m(re
sult[33m.[39moutput)
[33m.[39m[34mtoCont
ain[39m([32m'require
s reset'[39m)[33m;[
39m
    [90m   | [39m   
                      
   [31m^[39m
    [90m103| [39m
    [90m104| [39m   
   [90m// Verify MIG 
not active until 
reset[39m

[31m[2mΓÄ»ΓÄ»ΓÄ»ΓÄ»Γ
Ä»ΓÄ»ΓÄ»ΓÄ»ΓÄ»ΓÄ»ΓÄ»ΓÄ
»ΓÄ»ΓÄ»ΓÄ»ΓÄ»ΓÄ»ΓÄ»ΓÄ»
ΓÄ»ΓÄ»ΓÄ»ΓÄ»[7/18]ΓÄ»
[22m[39m

[31m[1m[7m FAIL 
[27m[22m[39m src/te
sts/scenarioValidator.
test.ts[2m > 
[22mScenario Logic 
Validation[2m > 
[22mMedium Priority: 
Command 
Validation[2m > 
[22mshould validate 
Lustre commands only 
work when Lustre is 
mounted
[31m[1mTypeError[22
m: Cannot read 
properties of 
undefined (reading 
'currentNode')[39m
[36m [2mΓ¥»[22m src
/simulators/nvidiaSmiS
imulator.ts:[2m320:59
[22m[39m
    [90m318| [39m  
[35mprivate[39m [34
mgetNode[39m(context
[33m:[39m [33mComman
dContext[39m) {
    [90m319| [39m   
 [35mconst[39m 
state [33m=[39m useS
imulationStore[33m.[
39m[34mgetState[39m(
)[33m;[39m
    [90m320| [39m   
 [35mreturn[39m stat
e[33m.[39mcluster[3
3m.[39mnodes[33m.[3
9m[34mfind[39m(n 
[33m=>[39m 
n[33m.[39mid 
[33m===[39m context
[33m.[39mcurrentNode)
ΓÇª
    [90m   | [39m   
                      
                      
           [31m^[39m
    [90m321| [39m  }
    [90m322| [39m
[90m [2mΓ¥»[22m Nvi
diaSmiSimulator.getNod
e src/simulators/nvidi
aSmiSimulator.ts:[2m3
20:32[22m[39m
[90m [2mΓ¥»[22m Nvi
diaSmiSimulator.execut
e src/simulators/nvidi
aSmiSimulator.ts:[2m2
46:23[22m[39m
[90m [2mΓ¥»[22m src
/tests/scenarioValidat
or.test.ts:[2m120:32
[22m[39m

[31m[2mΓÄ»ΓÄ»ΓÄ»ΓÄ»Γ
Ä»ΓÄ»ΓÄ»ΓÄ»ΓÄ»ΓÄ»ΓÄ»ΓÄ
»ΓÄ»ΓÄ»ΓÄ»ΓÄ»ΓÄ»ΓÄ»ΓÄ»
ΓÄ»ΓÄ»ΓÄ»ΓÄ»[8/18]ΓÄ»
[22m[39m

[31m[1m[7m FAIL 
[27m[22m[39m src/te
sts/scenarioValidator.
test.ts[2m > 
[22mScenario Logic 
Validation[2m > 
[22mMedium Priority: 
Command 
Validation[2m > 
[22mshould track ECC 
error counters 
correctly
[31m[1mAssertionErro
r[22m: expected 'Ecc 
Errors Corrected 
Aggregate Total,ΓÇª' 
to contain '10'[39m

[32m- Expected[39m
[31m+ Received[39m

[32m- 10[39m
[31m+ Ecc Errors 
Corrected Aggregate 
Total, Ecc Errors 
Uncorrected Aggregate 
Total[39m
[31m+ [Not 
Supported], [Not 
Supported][39m
[31m+ [Not 
Supported], [Not 
Supported][39m
[31m+ [Not 
Supported], [Not 
Supported][39m
[31m+ [Not 
Supported], [Not 
Supported][39m
[31m+ [Not 
Supported], [Not 
Supported][39m
[31m+ [Not 
Supported], [Not 
Supported][39m
[31m+ [Not 
Supported], [Not 
Supported][39m
[31m+ [Not 
Supported], [Not 
Supported][39m
[31m+[39m

[36m [2mΓ¥»[22m src
/tests/scenarioValidat
or.test.ts:[2m139:29
[22m[39m
    [90m137| [39m
    [90m138| [39m   
   [35mconst[39m 
result [33m=[39m nvi
diaSmi[33m.[39m[34m
execute[39m([34mpars
e[39m([32m'nvidia-sm
i 
--query-gpu=e[39mΓÇª
    [90m139| [39m   
   [34mexpect[39m(re
sult[33m.[39moutput)
[33m.[39m[34mtoCont
ain[39m([32m'10'[39
m)[33m;[39m
    [90m   | [39m   
                      
   [31m^[39m
    [90m140| [39m   
   [34mexpect[39m(re
sult[33m.[39moutput)
[33m.[39m[34mtoCont
ain[39m([32m'2'[39m
)[33m;[39m
    [90m141| [39m   
 })[33m;[39m

[31m[2mΓÄ»ΓÄ»ΓÄ»ΓÄ»Γ
Ä»ΓÄ»ΓÄ»ΓÄ»ΓÄ»ΓÄ»ΓÄ»ΓÄ
»ΓÄ»ΓÄ»ΓÄ»ΓÄ»ΓÄ»ΓÄ»ΓÄ»
ΓÄ»ΓÄ»ΓÄ»ΓÄ»[9/18]ΓÄ»
[22m[39m

[31m[1m[7m FAIL 
[27m[22m[39m src/te
sts/scenarioValidator.
test.ts[2m > 
[22mScenario Logic 
Validation[2m > 
[22mValidation 
Rules[2m > 
[22mshould validate 
command output, not 
just execution
[31m[1mAssertionErro
r[22m: expected 
undefined not to be 
undefined[39m
[36m [2mΓ¥»[22m src
/tests/scenarioValidat
or.test.ts:[2m150:50
[22m[39m
    [90m148| [39m   
   [90m// Scenario 
should check for 
specific output 
patterns[39m
    [90m149| [39m   
   [35mconst[39m 
scenario [33m=[39m s
tore[33m.[39mactiveS
cenario[33m;[39m
    [90m150| [39m   
   [34mexpect[39m(sc
enario[33m?.[39mstep
s[[34m0[39m][33m.[
39mvalidationRules)[3
3m.[39m[34mtoBeDefin
ed[39m()[33m;[39m
    [90m   | [39m   
                      
                      
  [31m^[39m
    [90m151| [39m
    [90m152| [39m   
   [90m// Check that 
validation includes 
output checking[39m

[31m[2mΓÄ»ΓÄ»ΓÄ»ΓÄ»Γ
Ä»ΓÄ»ΓÄ»ΓÄ»ΓÄ»ΓÄ»ΓÄ»ΓÄ
»ΓÄ»ΓÄ»ΓÄ»ΓÄ»ΓÄ»ΓÄ»ΓÄ»
ΓÄ»ΓÄ»ΓÄ»[10/18]ΓÄ»[2
2m[39m

[31m[1m[7m FAIL 
[27m[22m[39m src/te
sts/scenarioValidator.
test.ts[2m > 
[22mScenario Logic 
Validation[2m > 
[22mFault Injection 
Effects[2m > 
[22mshould affect 
NVLink topology when 
nvlink-failure is 
injected
[31m[1mAssertionErro
r[22m: expected 'gpu 
0: nvidia a100-sxm4-80
gb\n\tlink ΓÇª' to 
contain 'down'[39m

[32m- Expected[39m
[31m+ Received[39m

[32m- down[39m
[31m+ gpu 0: nvidia 
a100-sxm4-80gb[39m
[31m+ 	link 0: 
active (600 gb/s)[39m
[31m+ 	link 1: 
active (600 gb/s)[39m
[31m+ 	link 2: 
active (600 gb/s)[39m
[31m+ 	link 3: 
active (600 gb/s)[39m
[31m+ 	link 4: 
active (600 gb/s)[39m
[31m+ 	link 5: 
active (600 gb/s)[39m
[31m+ 	link 6: 
active (600 gb/s)[39m
[31m+ 	link 7: 
active (600 gb/s)[39m
[31m+ 	link 8: 
active (600 gb/s)[39m
[31m+ 	link 9: 
active (600 gb/s)[39m
[31m+ 	link 10: 
active (600 gb/s)[39m
[31m+ 	link 11: 
active (600 gb/s)[39m
[31m+[39m

[36m [2mΓ¥»[22m src
/tests/scenarioValidat
or.test.ts:[2m170:43
[22m[39m
    [90m168| [39m
    [90m169| [39m   
   [35mconst[39m 
result [33m=[39m nvi
diaSmi[33m.[39m[34m
execute[39m([34mpars
e[39m([32m'nvidia-sm
i nvlink 
-s'[39m)[33m,[39m 
ΓÇª
    [90m170| [39m   
   [34mexpect[39m(re
sult[33m.[39moutput
[33m.[39m[34mtoLower
Case[39m())[33m.[39
m[34mtoContain[39m(
[32m'down'[39m)[33m;
[39m
    [90m   | [39m   
                      
                 
[31m^[39m
    [90m171| [39m   
 })[33m;[39m
    [90m172| [39m

[31m[2mΓÄ»ΓÄ»ΓÄ»ΓÄ»Γ
Ä»ΓÄ»ΓÄ»ΓÄ»ΓÄ»ΓÄ»ΓÄ»ΓÄ
»ΓÄ»ΓÄ»ΓÄ»ΓÄ»ΓÄ»ΓÄ»ΓÄ»
ΓÄ»ΓÄ»ΓÄ»[11/18]ΓÄ»[2
2m[39m

[31m[1m[7m FAIL 
[27m[22m[39m src/te
sts/scenarioValidator.
test.ts[2m > 
[22mScenario Logic 
Validation[2m > 
[22mFault Injection 
Effects[2m > 
[22mshould degrade 
PCIe speed for 
pcie-error fault
[31m[1mTypeError[22
m: Cannot read 
properties of 
undefined (reading 
'currentNode')[39m
[36m [2mΓ¥»[22m src
/simulators/nvidiaSmiS
imulator.ts:[2m320:59
[22m[39m
    [90m318| [39m  
[35mprivate[39m [34
mgetNode[39m(context
[33m:[39m [33mComman
dContext[39m) {
    [90m319| [39m   
 [35mconst[39m 
state [33m=[39m useS
imulationStore[33m.[
39m[34mgetState[39m(
)[33m;[39m
    [90m320| [39m   
 [35mreturn[39m stat
e[33m.[39mcluster[3
3m.[39mnodes[33m.[3
9m[34mfind[39m(n 
[33m=>[39m 
n[33m.[39mid 
[33m===[39m context
[33m.[39mcurrentNode)
ΓÇª
    [90m   | [39m   
                      
                      
           [31m^[39m
    [90m321| [39m  }
    [90m322| [39m
[90m [2mΓ¥»[22m Nvi
diaSmiSimulator.getNod
e src/simulators/nvidi
aSmiSimulator.ts:[2m3
20:32[22m[39m
[90m [2mΓ¥»[22m Nvi
diaSmiSimulator.execut
e src/simulators/nvidi
aSmiSimulator.ts:[2m2
46:23[22m[39m
[90m [2mΓ¥»[22m src
/tests/scenarioValidat
or.test.ts:[2m176:32
[22m[39m

[31m[2mΓÄ»ΓÄ»ΓÄ»ΓÄ»Γ
Ä»ΓÄ»ΓÄ»ΓÄ»ΓÄ»ΓÄ»ΓÄ»ΓÄ
»ΓÄ»ΓÄ»ΓÄ»ΓÄ»ΓÄ»ΓÄ»ΓÄ»
ΓÄ»ΓÄ»ΓÄ»[12/18]ΓÄ»[2
2m[39m

[31m[1m[7m FAIL 
[27m[22m[39m src/te
sts/scenarioValidator.
test.ts[2m > 
[22mScenario Logic 
Validation[2m > 
[22mScenario 
Completeness[2m > 
[22mshould have 
complete validation 
for 
domain1-server-post
[31m[1m[7m FAIL 
[27m[22m[39m src/te
sts/scenarioValidator.
test.ts[2m > 
[22mScenario Logic 
Validation[2m > 
[22mScenario 
Completeness[2m > 
[22mshould have 
complete validation 
for domain2-mig-setup
[31m[1m[7m FAIL 
[27m[22m[39m src/te
sts/scenarioValidator.
test.ts[2m > 
[22mScenario Logic 
Validation[2m > 
[22mScenario 
Completeness[2m > 
[22mshould have 
complete validation 
for 
domain3-slurm-config
[31m[1m[7m FAIL 
[27m[22m[39m src/te
sts/scenarioValidator.
test.ts[2m > 
[22mScenario Logic 
Validation[2m > 
[22mScenario 
Completeness[2m > 
[22mshould have 
complete validation 
for domain4-dcgmi-diag
[31m[1m[7m FAIL 
[27m[22m[39m src/te
sts/scenarioValidator.
test.ts[2m > 
[22mScenario Logic 
Validation[2m > 
[22mScenario 
Completeness[2m > 
[22mshould have 
complete validation 
for domain5-xid-errors
[31m[1mTypeError[22
m: actual value must 
be number or bigint, 
received 
"undefined"[39m
[36m [2mΓ¥»[22m src
/tests/scenarioValidat
or.test.ts:[2m197:40
[22m[39m
    [90m195| [39m
    [90m196| [39m   
     [34mexpect[39m(
scenario)[33m.[39m[
34mtoBeDefined[39m()
[33m;[39m
    [90m197| [39m   
     [34mexpect[39m(
scenario[33m?.[39mst
eps[33m.[39mlength)
[33m.[39m[34mtoBeGre
aterThan[39m([34m0[
39m)[33m;[39m
    [90m   | [39m   
                      
              
[31m^[39m
    [90m198| [39m
    [90m199| [39m   
     [90m// Each 
step should have 
validation rules[39m

[31m[2mΓÄ»ΓÄ»ΓÄ»ΓÄ»Γ
Ä»ΓÄ»ΓÄ»ΓÄ»ΓÄ»ΓÄ»ΓÄ»ΓÄ
»ΓÄ»ΓÄ»ΓÄ»ΓÄ»ΓÄ»ΓÄ»ΓÄ»
ΓÄ»ΓÄ»ΓÄ»[13/18]ΓÄ»[2
2m[39m

[31m[1m[7m FAIL 
[27m[22m[39m src/ut
ils/__tests__/commandP
arser.test.ts[2m > [
22mCommandParser[2m 
> [22mFlag 
Parsing[2m > 
[22mshould parse 
combined short flags
[31m[1mAssertionErro
r[22m: expected 
false to be true // 
Object.is 
equality[39m

[32m- Expected[39m
[31m+ Received[39m

[32m- true[39m
[31m+ false[39m

[36m [2mΓ¥»[22m src
/utils/__tests__/comma
ndParser.test.ts:[2m4
8:37[22m[39m
    [90m 46| [39m   
 [34mit[39m([32m'sh
ould parse combined 
short flags'[39m[33m
,[39m () 
[33m=>[39m {
    [90m 47| [39m   
   [35mconst[39m 
result [33m=[39m [3
4mparse[39m([32m'ls 
-la'[39m)[33m;[39m
    [90m 48| [39m   
   [34mexpect[39m(re
sult[33m.[39mflags[
33m.[39m[34mhas[39m
([32m'l'[39m))[33m.
[39m[34mtoBe[39m([
35mtrue[39m)[33m;[3
9m
    [90m   | [39m   
                      
           [31m^[39m
    [90m 49| [39m   
   [34mexpect[39m(re
sult[33m.[39mflags[
33m.[39m[34mhas[39m
([32m'a'[39m))[33m.
[39m[34mtoBe[39m([
35mtrue[39m)[33m;[3
9m
    [90m 50| [39m   
 })[33m;[39m

[31m[2mΓÄ»ΓÄ»ΓÄ»ΓÄ»Γ
Ä»ΓÄ»ΓÄ»ΓÄ»ΓÄ»ΓÄ»ΓÄ»ΓÄ
»ΓÄ»ΓÄ»ΓÄ»ΓÄ»ΓÄ»ΓÄ»ΓÄ»
ΓÄ»ΓÄ»ΓÄ»[14/18]ΓÄ»[2
2m[39m

[2m Test Files [22m [1m[31m2 failed[39m[22m[2m | [22m[1m[32m5 passed[39m[22m[90m (7)[39m
[2m      Tests [22m [1m[31m18 failed[39m[22m[2m | [22m[1m[32m152 passed[39m[22m[90m (170)[39m
[2m   Start at [22m 20:31:38
[2m   Duration [22m 3.28s[2m (transform 623ms, setup 2.97s, collect 939ms, tests 174ms, environment 9.07s, prepare 1.87s)[22m

